Archive member included to satisfy reference by file (symbol)

/home/lari/esp/test_lari/build/app_update/libapp_update.a(esp_app_desc.o)
                              (esp_app_desc)
/home/lari/esp/test_lari/build/cxx/libcxx.a(cxx_guards.o)
                              (__cxa_guard_dummy)
/home/lari/esp/test_lari/build/cxx/libcxx.a(cxx_exception_stubs.o)
                              (__cxx_fatal_exception)
/home/lari/esp/test_lari/build/esp32/libesp32.a(panic.o)
                              /home/lari/esp/test_lari/build/cxx/libcxx.a(cxx_guards.o) (abort)
/home/lari/esp/test_lari/build/esp32/libesp32.a(gdbstub.o)
                              /home/lari/esp/test_lari/build/esp32/libesp32.a(panic.o) (esp_gdbstub_panic_handler)
/home/lari/esp/test_lari/build/esp32/libesp32.a(esp_err_to_name.o)
                              /home/lari/esp/test_lari/build/esp32/libesp32.a(panic.o) (esp_err_to_name)
/home/lari/esp/test_lari/build/esp32/libesp32.a(cpu_start.o)
                              (call_start_cpu0)
/home/lari/esp/test_lari/build/esp32/libesp32.a(cache_err_int.o)
                              /home/lari/esp/test_lari/build/esp32/libesp32.a(cpu_start.o) (esp_cache_err_int_init)
/home/lari/esp/test_lari/build/esp32/libesp32.a(esp_timer.o)
                              /home/lari/esp/test_lari/build/esp32/libesp32.a(cpu_start.o) (esp_timer_init)
/home/lari/esp/test_lari/build/esp32/libesp32.a(dport_access.o)
                              /home/lari/esp/test_lari/build/esp32/libesp32.a(cpu_start.o) (esp_dport_access_stall_other_cpu_start)
/home/lari/esp/test_lari/build/esp32/libesp32.a(brownout.o)
                              /home/lari/esp/test_lari/build/esp32/libesp32.a(cpu_start.o) (esp_brownout_init)
/home/lari/esp/test_lari/build/esp32/libesp32.a(int_wdt.o)
                              /home/lari/esp/test_lari/build/esp32/libesp32.a(cpu_start.o) (esp_int_wdt_init)
/home/lari/esp/test_lari/build/esp32/libesp32.a(dport_panic_highint_hdl.o)
                              (ld_include_panic_highint_hdl)
/home/lari/esp/test_lari/build/esp32/libesp32.a(task_wdt.o)
                              /home/lari/esp/test_lari/build/esp32/libesp32.a(cpu_start.o) (esp_task_wdt_init)
/home/lari/esp/test_lari/build/esp32/libesp32.a(dbg_stubs.o)
                              /home/lari/esp/test_lari/build/esp32/libesp32.a(cpu_start.o) (esp_dbg_stubs_init)
/home/lari/esp/test_lari/build/esp32/libesp32.a(system_api.o)
                              /home/lari/esp/test_lari/build/esp32/libesp32.a(brownout.o) (esp_restart_noos)
/home/lari/esp/test_lari/build/esp32/libesp32.a(crosscore_int.o)
                              /home/lari/esp/test_lari/build/esp32/libesp32.a(cpu_start.o) (esp_crosscore_int_init)
/home/lari/esp/test_lari/build/esp32/libesp32.a(esp_timer_esp32.o)
                              /home/lari/esp/test_lari/build/esp32/libesp32.a(esp_timer.o) (esp_timer_impl_get_time)
/home/lari/esp/test_lari/build/esp32/libesp32.a(clk.o)
                              /home/lari/esp/test_lari/build/esp32/libesp32.a(cpu_start.o) (esp_clk_init)
/home/lari/esp/test_lari/build/esp32/libesp32.a(freertos_hooks.o)
                              /home/lari/esp/test_lari/build/esp32/libesp32.a(task_wdt.o) (esp_register_freertos_idle_hook_for_cpu)
/home/lari/esp/test_lari/build/esp32/libesp32.a(intr_alloc.o)
                              /home/lari/esp/test_lari/build/esp32/libesp32.a(esp_timer_esp32.o) (esp_intr_enable)
/home/lari/esp/test_lari/build/esp32/libesp32.a(pm_esp32.o)
                              /home/lari/esp/test_lari/build/esp32/libesp32.a(freertos_hooks.o) (esp_pm_impl_waiti)
/home/lari/esp/test_lari/build/esp32/libesp32.a(ipc.o)
                              /home/lari/esp/test_lari/build/esp32/libesp32.a(intr_alloc.o) (esp_ipc_call_blocking)
/home/lari/esp/test_lari/build/esp32/libesp32.a(pm_locks.o)
                              /home/lari/esp/test_lari/build/esp32/libesp32.a(pm_esp32.o) (esp_pm_lock_create)
/home/lari/esp/esp-idf/components/esp32/libhal.a(int_asm--set_intclear.o)
                              /home/lari/esp/test_lari/build/esp32/libesp32.a(intr_alloc.o) (xthal_set_intclear)
/home/lari/esp/test_lari/build/freertos/libfreertos.a(xtensa_intr.o)
                              /home/lari/esp/test_lari/build/esp32/libesp32.a(intr_alloc.o) (xt_unhandled_interrupt)
/home/lari/esp/test_lari/build/freertos/libfreertos.a(queue.o)
                              /home/lari/esp/test_lari/build/esp32/libesp32.a(ipc.o) (xQueueGenericCreate)
/home/lari/esp/test_lari/build/freertos/libfreertos.a(list.o)
                              /home/lari/esp/test_lari/build/freertos/libfreertos.a(queue.o) (vListInitialise)
/home/lari/esp/test_lari/build/freertos/libfreertos.a(xtensa_init.o)
                              /home/lari/esp/test_lari/build/esp32/libesp32.a(pm_esp32.o) (_xt_tick_divisor)
/home/lari/esp/test_lari/build/freertos/libfreertos.a(port.o)
[...]
Memory Configuration

Name             Origin             Length             Attributes
iram0_0_seg      0x0000000040080000 0x0000000000020000 xr
iram0_2_seg      0x00000000400d0018 0x000000000032ffe8 xr
dram0_0_seg      0x000000003ffb0000 0x000000000002c200 rw
drom0_0_seg      0x000000003f400018 0x00000000003fffe8 r
rtc_iram_seg     0x00000000400c0000 0x0000000000002000 xrw
rtc_data_seg     0x000000003ff80000 0x0000000000002000 rw
rtc_slow_seg     0x0000000050000000 0x0000000000001000 rw
extern_ram_seg   0x000000003f800000 0x0000000000400000 xrw
*default*        0x0000000000000000 0xffffffffffffffff

Linker script and memory map

START GROUP
LOAD /home/lari/esp/test_lari/build/app_trace/libapp_trace.a
LOAD /home/lari/esp/test_lari/build/app_update/libapp_update.a
LOAD /home/lari/esp/test_lari/build/asio/libasio.a
LOAD /home/lari/esp/test_lari/build/bootloader_support/libbootloader_support.a
LOAD /home/lari/esp/test_lari/build/bt/libbt.a
LOAD /home/lari/esp/test_lari/build/coap/libcoap.a
LOAD /home/lari/esp/test_lari/build/console/libconsole.a
LOAD /home/lari/esp/test_lari/build/cxx/libcxx.a
LOAD /home/lari/esp/test_lari/build/driver/libdriver.a
LOAD /home/lari/esp/test_lari/build/esp-tls/libesp-tls.a
LOAD /home/lari/esp/test_lari/build/esp32/libesp32.a
LOAD /home/lari/esp/esp-idf/components/esp32/libhal.a
LOAD /home/lari/esp/esp-idf/components/esp32/lib/libcore.a
LOAD /home/lari/esp/esp-idf/components/esp32/lib/librtc.a
LOAD /home/lari/esp/esp-idf/components/esp32/lib/libnet80211.a
LOAD /home/lari/esp/esp-idf/components/esp32/lib/libpp.a
LOAD /home/lari/esp/esp-idf/components/esp32/lib/libwpa.a
LOAD /home/lari/esp/esp-idf/components/esp32/lib/libsmartconfig.a
LOAD /home/lari/esp/esp-idf/components/esp32/lib/libcoexist.a
LOAD /home/lari/esp/esp-idf/components/esp32/lib/libwps.a
LOAD /home/lari/esp/esp-idf/components/esp32/lib/libwpa2.a
LOAD /home/lari/esp/esp-idf/components/esp32/lib/libespnow.a
LOAD /home/lari/esp/esp-idf/components/esp32/lib/libphy.a
LOAD /home/lari/esp/esp-idf/components/esp32/lib/libmesh.a
LOAD /home/lari/esp/test_lari/build/esp_adc_cal/libesp_adc_cal.a
LOAD /home/lari/esp/test_lari/build/esp_event/libesp_event.a
LOAD /home/lari/esp/test_lari/build/esp_http_client/libesp_http_client.a
LOAD /home/lari/esp/test_lari/build/esp_http_server/libesp_http_server.a
LOAD /home/lari/esp/test_lari/build/esp_https_ota/libesp_https_ota.a
LOAD /home/lari/esp/test_lari/build/esp_https_server/libesp_https_server.a
LOAD /home/lari/esp/test_lari/build/esp_ringbuf/libesp_ringbuf.a
LOAD /home/lari/esp/test_lari/build/ethernet/libethernet.a
LOAD /home/lari/esp/test_lari/build/expat/libexpat.a
LOAD /home/lari/esp/test_lari/build/fatfs/libfatfs.a
LOAD /home/lari/esp/test_lari/build/freemodbus/libfreemodbus.a
LOAD /home/lari/esp/test_lari/build/freertos/libfreertos.a
LOAD /home/lari/esp/test_lari/build/heap/libheap.a
LOAD /home/lari/esp/test_lari/build/idf_test/libidf_test.a
LOAD /home/lari/esp/test_lari/build/jsmn/libjsmn.a
LOAD /home/lari/esp/test_lari/build/json/libjson.a
LOAD /home/lari/esp/test_lari/build/libsodium/liblibsodium.a
LOAD /home/lari/esp/test_lari/build/log/liblog.a
LOAD /home/lari/esp/test_lari/build/lwip/liblwip.a
LOAD /home/lari/esp/test_lari/build/main/libmain.a
LOAD /home/lari/esp/test_lari/build/mbedtls/libmbedtls.a
LOAD /home/lari/esp/test_lari/build/mdns/libmdns.a
LOAD /home/lari/esp/test_lari/build/micro-ecc/libmicro-ecc.a
LOAD /home/lari/esp/test_lari/build/mqtt/libmqtt.a
LOAD /home/lari/esp/esp-idf/components/newlib/lib/libc.a
LOAD /home/lari/esp/esp-idf/components/newlib/lib/libm.a
LOAD /home/lari/esp/test_lari/build/newlib/libnewlib.a
LOAD /home/lari/esp/test_lari/build/nghttp/libnghttp.a
LOAD /home/lari/esp/test_lari/build/nvs_flash/libnvs_flash.a
LOAD /home/lari/esp/test_lari/build/openssl/libopenssl.a
LOAD /home/lari/esp/test_lari/build/protobuf-c/libprotobuf-c.a
LOAD /home/lari/esp/test_lari/build/protocomm/libprotocomm.a
LOAD /home/lari/esp/test_lari/build/pthread/libpthread.a
LOAD /home/lari/esp/test_lari/build/sdmmc/libsdmmc.a
LOAD /home/lari/esp/test_lari/build/smartconfig_ack/libsmartconfig_ack.a
LOAD /home/lari/esp/test_lari/build/soc/libsoc.a
LOAD /home/lari/esp/test_lari/build/spi_flash/libspi_flash.a
LOAD /home/lari/esp/test_lari/build/spiffs/libspiffs.a
LOAD /home/lari/esp/test_lari/build/tcp_transport/libtcp_transport.a
LOAD /home/lari/esp/test_lari/build/tcpip_adapter/libtcpip_adapter.a
LOAD /home/lari/esp/test_lari/build/ulp/libulp.a
LOAD /home/lari/esp/test_lari/build/unity/libunity.a
LOAD /home/lari/esp/test_lari/build/vfs/libvfs.a
LOAD /home/lari/esp/test_lari/build/wear_levelling/libwear_levelling.a
LOAD /home/lari/esp/test_lari/build/wifi_provisioning/libwifi_provisioning.a
LOAD /home/lari/esp/test_lari/build/wpa_supplicant/libwpa_supplicant.a
LOAD /home/lari/esp/test_lari/build/xtensa-debug-module/libxtensa-debug-module.a
LOAD /home/lari/esp/xtensa-esp32-elf/bin/../lib/gcc/xtensa-esp32-elf/5.2.0/libgcc.a
LOAD /home/lari/esp/xtensa-esp32-elf/bin/../lib/gcc/xtensa-esp32-elf/5.2.0/../../../../xtensa-esp32-elf/lib/libstdc++.a
LOAD /home/lari/esp/xtensa-esp32-elf/bin/../lib/gcc/xtensa-esp32-elf/5.2.0/libgcov.a
END GROUP
                0x0000000040000000                _heap_end = 0x40000000
                0x000000003ff80000                _data_seg_org = ORIGIN (rtc_data_seg)

.rtc.text       0x00000000400c0000        0x0
                0x00000000400c0000                . = ALIGN (0x4)
 *(.rtc.literal .rtc.text .rtc.text.*)
 *rtc_wake_stub*.*(.literal .text .literal.* .text.*)
                0x00000000400c0000                _rtc_text_end = ABSOLUTE (.)

.rtc.dummy      0x000000003ff80000        0x0
                0x000000003ff80000                _rtc_dummy_start = ABSOLUTE (.)
                0x000000003ff80000                _rtc_fast_start = ABSOLUTE (.)
                0x0000000000000000                . = SIZEOF (.rtc.text)
                0x0000000000000000                _rtc_dummy_end = ABSOLUTE (.)

.rtc.force_fast
                0x000000003ff80000        0x0
                0x000000003ff80000                . = ALIGN (0x4)
                0x000000003ff80000                _rtc_force_fast_start = ABSOLUTE (.)
 *(.rtc.force_fast .rtc.force_fast.*)
                0x000000003ff80000                . = ALIGN (0x4)
                0x000000003ff80000                _rtc_force_fast_end = ABSOLUTE (.)

.rtc.data       0x0000000050000000        0x0
                0x0000000050000000                _rtc_data_start = ABSOLUTE (.)
 *(.rtc.data .rtc.data.* .rtc.rodata .rtc.rodata.*)
 *rtc_wake_stub*.*(.data .rodata .data.* .rodata.* .bss .bss.*)
                0x0000000050000000                _rtc_data_end = ABSOLUTE (.)

.rtc.bss        0x0000000050000000        0x0
                0x0000000050000000                _rtc_bss_start = ABSOLUTE (.)
 *rtc_wake_stub*.*(.bss .bss.*)
 *rtc_wake_stub*.*(COMMON)
 *(.rtc.bss)
                0x0000000050000000                _rtc_bss_end = ABSOLUTE (.)

.rtc_noinit     0x0000000050000000        0x0
                0x0000000050000000                . = ALIGN (0x4)
                0x0000000050000000                _rtc_noinit_start = ABSOLUTE (.)
 *(.rtc_noinit .rtc_noinit.*)
                0x0000000050000000                . = ALIGN (0x4)
                0x0000000050000000                _rtc_noinit_end = ABSOLUTE (.)

.rtc.force_slow
                0x0000000050000000        0x0
                0x0000000050000000                . = ALIGN (0x4)
                0x0000000050000000                _rtc_force_slow_start = ABSOLUTE (.)
 *(.rtc.force_slow .rtc.force_slow.*)
                0x0000000050000000                . = ALIGN (0x4)
                0x0000000050000000                _rtc_force_slow_end = ABSOLUTE (.)
                0x0000000000000000                _rtc_slow_length = (ORIGIN (rtc_slow_seg) == ORIGIN (rtc_data_location))?(_rtc_force_slow_end - _rtc_data_start):(_rtc_force_slow_end - _rtc_force_slow_start)
                0x0000000000000000                _rtc_fast_length = (ORIGIN (rtc_slow_seg) == ORIGIN (rtc_data_location))?(_rtc_force_fast_end - _rtc_fast_start):(_rtc_noinit_end - _rtc_fast_start)
                0x0000000000000001                ASSERT ((_rtc_slow_length <= 0x1000), RTC_SLOW segment data does not fit.)
                0x0000000000000001                ASSERT ((_rtc_fast_length <= 0x2000), RTC_FAST segment data does not fit.)

.iram0.vectors  0x0000000040080000      0x400
                0x0000000040080000                _iram_start = ABSOLUTE (.)
                0x0000000040080000                _init_start = ABSOLUTE (.)
                0x0000000000000000                . = 0x0
 *(.WindowVectors.text)
 .WindowVectors.text
                0x0000000040080000      0x16a /home/lari/esp/test_lari/build/freertos/libfreertos.a(xtensa_vectors.o)
                0x0000000040080000                _WindowOverflow4
                0x0000000040080040                _WindowUnderflow4
                0x0000000040080050                _xt_alloca_exc
                0x0000000040080080                _WindowOverflow8
                0x00000000400800c0                _WindowUnderflow8
                0x0000000040080100                _WindowOverflow12
                0x0000000040080140                _WindowUnderflow12
                0x0000000000000180                . = 0x180
 *fill*         0x000000004008016a       0x16 
 *(.Level2InterruptVector.text)
 .Level2InterruptVector.text
                0x0000000040080180        0x6 /home/lari/esp/test_lari/build/freertos/libfreertos.a(xtensa_vectors.o)
                0x0000000040080180                _Level2Vector
                0x00000000000001c0                . = 0x1c0
 *fill*         0x0000000040080186       0x3a 
 *(.Level3InterruptVector.text)
 .Level3InterruptVector.text
                0x00000000400801c0        0x6 /home/lari/esp/test_lari/build/freertos/libfreertos.a(xtensa_vectors.o)
                0x00000000400801c0                _Level3Vector
                0x0000000000000200                . = 0x200
 *fill*         0x00000000400801c6       0x3a 
 *(.Level4InterruptVector.text)
 .Level4InterruptVector.text
                0x0000000040080200        0x6 /home/lari/esp/test_lari/build/freertos/libfreertos.a(xtensa_vectors.o)
                0x0000000040080200                _Level4Vector
                0x0000000000000240                . = 0x240
 *fill*         0x0000000040080206       0x3a 
 *(.Level5InterruptVector.text)
 .Level5InterruptVector.text
                0x0000000040080240        0x6 /home/lari/esp/test_lari/build/freertos/libfreertos.a(xtensa_vectors.o)
                0x0000000040080240                _Level5Vector
                0x0000000000000280                . = 0x280
 *fill*         0x0000000040080246       0x3a 
 *(.DebugExceptionVector.text)
 .DebugExceptionVector.text
                0x0000000040080280        0x6 /home/lari/esp/test_lari/build/freertos/libfreertos.a(xtensa_vectors.o)
                0x0000000040080280                _DebugExceptionVector
                0x00000000000002c0                . = 0x2c0
 *fill*         0x0000000040080286       0x3a 
 *(.NMIExceptionVector.text)
 .NMIExceptionVector.text
                0x00000000400802c0        0x6 /home/lari/esp/test_lari/build/freertos/libfreertos.a(xtensa_vectors.o)
                0x00000000400802c0                _NMIExceptionVector
                0x0000000000000300                . = 0x300
 *fill*         0x00000000400802c6       0x3a 
 *(.KernelExceptionVector.text)
 .KernelExceptionVector.text
                0x0000000040080300        0x6 /home/lari/esp/test_lari/build/freertos/libfreertos.a(xtensa_vectors.o)
                0x0000000040080300                _KernelExceptionVector
                0x0000000000000340                . = 0x340
 *fill*         0x0000000040080306       0x3a 
 *(.UserExceptionVector.text)
 .UserExceptionVector.text
                0x0000000040080340        0x6 /home/lari/esp/test_lari/build/freertos/libfreertos.a(xtensa_vectors.o)
                0x0000000040080340                _UserExceptionVector
                0x00000000000003c0                . = 0x3c0
 *fill*         0x0000000040080346       0x7a 
 *(.DoubleExceptionVector.text)
 .DoubleExceptionVector.text
                0x00000000400803c0        0xf /home/lari/esp/test_lari/build/freertos/libfreertos.a(xtensa_vectors.o)
                0x00000000400803c0                _DoubleExceptionVector
                0x0000000000000400                . = 0x400
 *fill*         0x00000000400803cf       0x31 
 *(.*Vector.literal)
 *(.UserEnter.literal)
 *(.UserEnter.text)
                0x0000000040080400                . = ALIGN (0x10)
 *(.entry.text)
 *(.init.literal)
 *(.init)
                0x0000000040080400                _init_end = ABSOLUTE (.)

.iram0.text     0x0000000040080400     0x7ada
                0x0000000040080400                _iram_text_start = ABSOLUTE (.)
 *(.iram1 .iram1.*)
 .iram1.21.literal
                0x0000000040080400       0x40 /home/lari/esp/test_lari/build/esp32/libesp32.a(cpu_start.o)
                                         0xb8 (size before relaxing)
 .iram1.23.literal
                0x0000000040080440        0xc /home/lari/esp/test_lari/build/esp32/libesp32.a(cpu_start.o)
                                         0x2c (size before relaxing)
 .iram1.25.literal
                0x000000004008044c       0x1c /home/lari/esp/test_lari/build/esp32/libesp32.a(cpu_start.o)
                                         0x34 (size before relaxing)
 .iram1.24.literal
                0x0000000040080468       0x64 /home/lari/esp/test_lari/build/esp32/libesp32.a(cpu_start.o)
                                        0x110 (size before relaxing)
 .iram1.13.literal
                0x00000000400804cc        0xc /home/lari/esp/test_lari/build/esp32/libesp32.a(cache_err_int.o)
                                         0x18 (size before relaxing)
 .iram1.20.literal
                0x00000000400804d8        0x4 /home/lari/esp/test_lari/build/esp32/libesp32.a(esp_timer.o)
 .iram1.17.literal
                0x00000000400804dc        0x4 /home/lari/esp/test_lari/build/esp32/libesp32.a(esp_timer.o)
                                          0x8 (size before relaxing)
 .iram1.18.literal
                0x00000000400804e0        0x0 /home/lari/esp/test_lari/build/esp32/libesp32.a(esp_timer.o)
                                          0x8 (size before relaxing)
 .iram1.14.literal
                0x00000000400804e0       0x10 /home/lari/esp/test_lari/build/esp32/libesp32.a(esp_timer.o)
                                         0x20 (size before relaxing)
 .iram1.19.literal
                0x00000000400804f0        0x4 /home/lari/esp/test_lari/build/esp32/libesp32.a(esp_timer.o)
                                          0xc (size before relaxing)
 .iram1.22.literal
                0x00000000400804f4        0x0 /home/lari/esp/test_lari/build/esp32/libesp32.a(esp_timer.o)
                                          0x4 (size before relaxing)
 .iram1.15.literal
                0x00000000400804f4       0x28 /home/lari/esp/test_lari/build/esp32/libesp32.a(dport_access.o)
                                         0x2c (size before relaxing)
 .iram1.16.literal
                0x000000004008051c        0xc /home/lari/esp/test_lari/build/esp32/libesp32.a(dport_access.o)
                                         0x2c (size before relaxing)
 .iram1.19.literal
                0x0000000040080528        0x0 /home/lari/esp/test_lari/build/esp32/libesp32.a(dport_access.o)
                                         0x10 (size before relaxing)
 .iram1.20.literal
                0x0000000040080528        0x0 /home/lari/esp/test_lari/build/esp32/libesp32.a(dport_access.o)
                                          0x4 (size before relaxing)
 .iram1.23.literal
                0x0000000040080528        0x4 /home/lari/esp/test_lari/build/esp32/libesp32.a(dport_access.o)
 .iram1.24.literal
                0x000000004008052c        0x0 /home/lari/esp/test_lari/build/esp32/libesp32.a(dport_access.o)
                                          0x4 (size before relaxing)
 .iram1.14.literal
                0x000000004008052c        0xc /home/lari/esp/test_lari/build/esp32/libesp32.a(int_wdt.o)
 .iram1.literal
                0x0000000040080538       0x10 /home/lari/esp/test_lari/build/esp32/libesp32.a(dport_panic_highint_hdl.o)
                                         0x28 (size before relaxing)
 .iram1.22.literal
                0x0000000040080548       0x40 /home/lari/esp/test_lari/build/esp32/libesp32.a(system_api.o)
                                         0xb0 (size before relaxing)
 .iram1.17.literal
                0x0000000040080588       0x1c /home/lari/esp/test_lari/build/esp32/libesp32.a(crosscore_int.o)
                                         0x28 (size before relaxing)
 .iram1.16.literal
                0x00000000400805a4        0x0 /home/lari/esp/test_lari/build/esp32/libesp32.a(crosscore_int.o)
                                         0x18 (size before relaxing)
 .iram1.18.literal
                0x00000000400805a4        0x0 /home/lari/esp/test_lari/build/esp32/libesp32.a(crosscore_int.o)
                                          0x4 (size before relaxing)
 .iram1.15.literal
                0x00000000400805a4       0x40 /home/lari/esp/test_lari/build/esp32/libesp32.a(esp_timer_esp32.o)
                                         0x4c (size before relaxing)
 .iram1.13.literal
                0x00000000400805e4        0x4 /home/lari/esp/test_lari/build/esp32/libesp32.a(esp_timer_esp32.o)
                                         0x20 (size before relaxing)
 .iram1.14.literal
                0x00000000400805e8       0x10 /home/lari/esp/test_lari/build/esp32/libesp32.a(esp_timer_esp32.o)
                                         0x4c (size before relaxing)
 .iram1.4.literal
                0x00000000400805f8        0x8 /home/lari/esp/test_lari/build/esp32/libesp32.a(clk.o)
 .iram1.5.literal
                0x0000000040080600        0x0 /home/lari/esp/test_lari/build/esp32/libesp32.a(clk.o)
                                          0x8 (size before relaxing)
 .iram1.7.literal
                0x0000000040080600        0x4 /home/lari/esp/test_lari/build/esp32/libesp32.a(clk.o)
                                          0x8 (size before relaxing)
 .iram1.10.literal
                0x0000000040080604        0x4 /home/lari/esp/test_lari/build/esp32/libesp32.a(freertos_hooks.o)
 .iram1.11.literal
                0x0000000040080608        0x4 /home/lari/esp/test_lari/build/esp32/libesp32.a(intr_alloc.o)
                                          0xc (size before relaxing)
 .iram1.13.literal
                0x000000004008060c        0x4 /home/lari/esp/test_lari/build/esp32/libesp32.a(intr_alloc.o)
                                         0x14 (size before relaxing)
 .iram1.14.literal
                0x0000000040080610        0xc /home/lari/esp/test_lari/build/esp32/libesp32.a(intr_alloc.o)
                                         0x28 (size before relaxing)
 .iram1.15.literal
                0x000000004008061c        0xc /home/lari/esp/test_lari/build/esp32/libesp32.a(intr_alloc.o)
                                         0x10 (size before relaxing)
 .iram1.16.literal
                0x0000000040080628        0x0 /home/lari/esp/test_lari/build/esp32/libesp32.a(intr_alloc.o)
                                          0xc (size before relaxing)
 .iram1.11.literal
                0x0000000040080628       0x20 /home/lari/esp/test_lari/build/esp32/libesp32.a(ipc.o)
                                         0x34 (size before relaxing)
 .iram1.11.literal
                0x0000000040080648        0x4 /home/lari/esp/test_lari/build/freertos/libfreertos.a(port.o)
 .iram1.literal
                0x000000004008064c       0x44 /home/lari/esp/test_lari/build/freertos/libfreertos.a(xtensa_vectors.o)
                                         0x68 (size before relaxing)
 .iram1.18.literal
                0x0000000040080690        0x4 /home/lari/esp/test_lari/build/heap/libheap.a(heap_caps.o)
 .iram1.11.literal
                0x0000000040080694       0x24 /home/lari/esp/test_lari/build/heap/libheap.a(heap_caps.o)
                                         0x34 (size before relaxing)
 .iram1.12.literal
                0x00000000400806b8        0x4 /home/lari/esp/test_lari/build/heap/libheap.a(heap_caps.o)
                                         0x18 (size before relaxing)
 .iram1.13.literal
                0x00000000400806bc        0xc /home/lari/esp/test_lari/build/heap/libheap.a(heap_caps.o)
                                         0x20 (size before relaxing)
 .iram1.19.literal
                0x00000000400806c8       0x10 /home/lari/esp/test_lari/build/heap/libheap.a(heap_caps.o)
                                         0x20 (size before relaxing)
 .iram1.20.literal
                0x00000000400806d8       0x10 /home/lari/esp/test_lari/build/heap/libheap.a(heap_caps.o)
                                         0x38 (size before relaxing)
 .iram1.14.literal
                0x00000000400806e8        0x0 /home/lari/esp/test_lari/build/heap/libheap.a(heap_caps.o)
                                         0x20 (size before relaxing)
 .iram1.11.literal
                0x00000000400806e8       0x20 /home/lari/esp/test_lari/build/log/liblog.a(log.o)
                                         0x34 (size before relaxing)
 .iram1.12.literal
                0x0000000040080708        0x0 /home/lari/esp/test_lari/build/log/liblog.a(log.o)
                                          0x8 (size before relaxing)
 .iram1.13.literal
                0x0000000040080708        0x4 /home/lari/esp/test_lari/build/log/liblog.a(log.o)
                                         0x14 (size before relaxing)
 .iram1.12.literal
                0x000000004008070c        0xc /home/lari/esp/test_lari/build/newlib/libnewlib.a(time.o)
                                         0x18 (size before relaxing)
 .iram1.11.literal
                0x0000000040080718        0x0 /home/lari/esp/test_lari/build/newlib/libnewlib.a(time.o)
                                          0x8 (size before relaxing)
 .iram1.10.literal
                0x0000000040080718        0x0 /home/lari/esp/test_lari/build/newlib/libnewlib.a(syscalls.o)
                                          0x4 (size before relaxing)
 .iram1.11.literal
                0x0000000040080718        0x0 /home/lari/esp/test_lari/build/newlib/libnewlib.a(syscalls.o)
                                          0x4 (size before relaxing)
 .iram1.12.literal
                0x0000000040080718        0x0 /home/lari/esp/test_lari/build/newlib/libnewlib.a(syscalls.o)
                                          0x4 (size before relaxing)
 .iram1.13.literal
                0x0000000040080718        0x8 /home/lari/esp/test_lari/build/newlib/libnewlib.a(syscalls.o)
 .iram1.0.literal
                0x0000000040080720        0x8 /home/lari/esp/test_lari/build/newlib/libnewlib.a(reent_init.o)
                                         0x10 (size before relaxing)
 .iram1.11.literal
                0x0000000040080728        0x4 /home/lari/esp/test_lari/build/newlib/libnewlib.a(locks.o)
                                         0x1c (size before relaxing)
 .iram1.15.literal
                0x000000004008072c        0xc /home/lari/esp/test_lari/build/newlib/libnewlib.a(locks.o)
                                         0x38 (size before relaxing)
 .iram1.20.literal
                0x0000000040080738        0x0 /home/lari/esp/test_lari/build/newlib/libnewlib.a(locks.o)
                                         0x18 (size before relaxing)
 .iram1.12.literal
                0x0000000040080738        0x0 /home/lari/esp/test_lari/build/newlib/libnewlib.a(locks.o)
                                          0x4 (size before relaxing)
 .iram1.13.literal
                0x0000000040080738        0x0 /home/lari/esp/test_lari/build/newlib/libnewlib.a(locks.o)
                                          0x4 (size before relaxing)
 .iram1.14.literal
                0x0000000040080738        0x4 /home/lari/esp/test_lari/build/newlib/libnewlib.a(locks.o)
                                         0x28 (size before relaxing)
 .iram1.16.literal
                0x000000004008073c        0x0 /home/lari/esp/test_lari/build/newlib/libnewlib.a(locks.o)
                                          0x4 (size before relaxing)
 .iram1.17.literal
                0x000000004008073c        0x0 /home/lari/esp/test_lari/build/newlib/libnewlib.a(locks.o)
                                          0x4 (size before relaxing)
 .iram1.18.literal
                0x000000004008073c        0x0 /home/lari/esp/test_lari/build/newlib/libnewlib.a(locks.o)
                                          0x4 (size before relaxing)
 .iram1.19.literal
                0x000000004008073c        0x0 /home/lari/esp/test_lari/build/newlib/libnewlib.a(locks.o)
                                          0x4 (size before relaxing)
 .iram1.21.literal
                0x000000004008073c        0x0 /home/lari/esp/test_lari/build/newlib/libnewlib.a(locks.o)
                                          0x4 (size before relaxing)
 .iram1.22.literal
                0x000000004008073c        0x0 /home/lari/esp/test_lari/build/newlib/libnewlib.a(locks.o)
                                          0x4 (size before relaxing)
 .iram1.0.literal
                0x000000004008073c       0x18 /home/lari/esp/test_lari/build/soc/libsoc.a(cpu_util.o)
 .iram1.1.literal
                0x0000000040080754        0x0 /home/lari/esp/test_lari/build/soc/libsoc.a(cpu_util.o)
                                         0x10 (size before relaxing)
 .iram1.2.literal
                0x0000000040080754        0x0 /home/lari/esp/test_lari/build/soc/libsoc.a(cpu_util.o)
                                          0x4 (size before relaxing)
 .iram1.3.literal
                0x0000000040080754        0x4 /home/lari/esp/test_lari/build/soc/libsoc.a(cpu_util.o)
 .iram1.28.literal
                0x0000000040080758       0x10 /home/lari/esp/test_lari/build/spi_flash/libspi_flash.a(cache_utils.o)
                                         0x20 (size before relaxing)
 .iram1.22.literal
                0x0000000040080768        0xc /home/lari/esp/test_lari/build/spi_flash/libspi_flash.a(cache_utils.o)
                                         0x20 (size before relaxing)
 .iram1.27.literal
                0x0000000040080774        0x8 /home/lari/esp/test_lari/build/spi_flash/libspi_flash.a(cache_utils.o)
                                         0x30 (size before relaxing)
 .iram1.23.literal
                0x000000004008077c       0x20 /home/lari/esp/test_lari/build/spi_flash/libspi_flash.a(cache_utils.o)
                                         0x64 (size before relaxing)
 .iram1.24.literal
                0x000000004008079c        0xc /home/lari/esp/test_lari/build/spi_flash/libspi_flash.a(cache_utils.o)
                                         0x44 (size before relaxing)
 .iram1.29.literal
                0x00000000400807a8        0x0 /home/lari/esp/test_lari/build/spi_flash/libspi_flash.a(cache_utils.o)
                                         0x10 (size before relaxing)
 .iram1.22.literal
                0x00000000400807a8        0x4 /home/lari/esp/test_lari/build/spi_flash/libspi_flash.a(flash_ops.o)
 .iram1.22.literal
                0x00000000400807ac        0x8 /home/lari/esp/test_lari/build/spi_flash/libspi_flash.a(flash_mmap.o)
 .iram1.21.literal
                0x00000000400807b4        0xc /home/lari/esp/test_lari/build/spi_flash/libspi_flash.a(flash_mmap.o)
                                         0x18 (size before relaxing)
 .iram1.27.literal
                0x00000000400807c0        0x0 /home/lari/esp/test_lari/build/spi_flash/libspi_flash.a(flash_mmap.o)
                                         0x10 (size before relaxing)
 .iram1.30.literal
                0x00000000400807c0       0x10 /home/lari/esp/test_lari/build/spi_flash/libspi_flash.a(flash_mmap.o)
                                         0x28 (size before relaxing)
 .iram1.24.literal
                0x00000000400807d0       0x30 /home/lari/esp/test_lari/build/spi_flash/libspi_flash.a(flash_mmap.o)
                                         0x88 (size before relaxing)
 .iram1.23.literal
                0x0000000040080800        0x4 /home/lari/esp/test_lari/build/spi_flash/libspi_flash.a(flash_mmap.o)
                                         0x18 (size before relaxing)
 .iram1.25.literal
                0x0000000040080804        0xc /home/lari/esp/test_lari/build/spi_flash/libspi_flash.a(flash_mmap.o)
                                         0x34 (size before relaxing)
 .literal.prvGetFreeSize
                0x0000000040080810        0xc /home/lari/esp/test_lari/build/esp_ringbuf/libesp_ringbuf.a(ringbuf.o)
                                         0x14 (size before relaxing)
 .literal.prvReceiveGeneric
                0x000000004008081c        0x4 /home/lari/esp/test_lari/build/esp_ringbuf/libesp_ringbuf.a(ringbuf.o)
                                         0x3c (size before relaxing)
 .literal.xRingbufferSend
                0x0000000040080820        0x4 /home/lari/esp/test_lari/build/esp_ringbuf/libesp_ringbuf.a(ringbuf.o)
                                         0x40 (size before relaxing)
 .literal.xRingbufferReceive
                0x0000000040080824        0x4 /home/lari/esp/test_lari/build/esp_ringbuf/libesp_ringbuf.a(ringbuf.o)
                                         0x18 (size before relaxing)
 .literal.vRingbufferReturnItem
                0x0000000040080828        0x4 /home/lari/esp/test_lari/build/esp_ringbuf/libesp_ringbuf.a(ringbuf.o)
                                         0x28 (size before relaxing)
 .literal       0x000000004008082c        0x4 /home/lari/esp/esp-idf/components/esp32/libhal.a(windowspill_asm.o)
 .literal.panicPutChar
                0x0000000040080830        0x4 /home/lari/esp/test_lari/build/esp32/libesp32.a(panic.o)
                                          0x8 (size before relaxing)
 .literal.panicPutStr
                0x0000000040080834        0x0 /home/lari/esp/test_lari/build/esp32/libesp32.a(panic.o)
                                          0x4 (size before relaxing)
 .literal.panicPutHex
                0x0000000040080834        0x0 /home/lari/esp/test_lari/build/esp32/libesp32.a(panic.o)
                                          0x8 (size before relaxing)
 .literal.panicPutDec
                0x0000000040080834        0x4 /home/lari/esp/test_lari/build/esp32/libesp32.a(panic.o)
                                         0x10 (size before relaxing)
 .literal.illegal_instruction_helper
                0x0000000040080838       0x18 /home/lari/esp/test_lari/build/esp32/libesp32.a(panic.o)
                                         0x3c (size before relaxing)
 .literal.reconfigureAllWdts
                0x0000000040080850       0x10 /home/lari/esp/test_lari/build/esp32/libesp32.a(panic.o)
                                         0x24 (size before relaxing)
 .literal.putEntry
                0x0000000040080860       0x10 /home/lari/esp/test_lari/build/esp32/libesp32.a(panic.o)
                                         0x20 (size before relaxing)
 .literal.doBacktrace
                0x0000000040080870       0x10 /home/lari/esp/test_lari/build/esp32/libesp32.a(panic.o)
                                         0x24 (size before relaxing)
 .literal.invoke_abort
                0x0000000040080880        0x4 /home/lari/esp/test_lari/build/esp32/libesp32.a(panic.o)
                                          0x8 (size before relaxing)
 .literal.haltOtherCore
                0x0000000040080884        0x0 /home/lari/esp/test_lari/build/esp32/libesp32.a(panic.o)
                                          0x4 (size before relaxing)
 .literal.commonErrorHandler_dump
                0x0000000040080884       0x2c /home/lari/esp/test_lari/build/esp32/libesp32.a(panic.o)
                                         0x90 (size before relaxing)
 .literal.commonErrorHandler
                0x00000000400808b0        0x8 /home/lari/esp/test_lari/build/esp32/libesp32.a(panic.o)
                                         0x58 (size before relaxing)
 .literal.esp_error_check_failed_print
                0x00000000400808b8       0x14 /home/lari/esp/test_lari/build/esp32/libesp32.a(panic.o)
                                         0x2c (size before relaxing)
 .literal.abort
                0x00000000400808cc        0x8 /home/lari/esp/test_lari/build/esp32/libesp32.a(panic.o)
                                         0x18 (size before relaxing)
 .literal.vApplicationStackOverflowHook
                0x00000000400808d4        0x8 /home/lari/esp/test_lari/build/esp32/libesp32.a(panic.o)
                                         0x18 (size before relaxing)
 .literal.panicHandler
                0x00000000400808dc       0x34 /home/lari/esp/test_lari/build/esp32/libesp32.a(panic.o)
                                         0xa8 (size before relaxing)
 .literal.xt_unhandled_exception
                0x0000000040080910       0x18 /home/lari/esp/test_lari/build/esp32/libesp32.a(panic.o)
                                         0x68 (size before relaxing)
 .literal._esp_error_check_failed
                0x0000000040080928        0x4 /home/lari/esp/test_lari/build/esp32/libesp32.a(panic.o)
                                          0xc (size before relaxing)
 .literal.rtc_init
                0x000000004008092c       0x9c /home/lari/esp/test_lari/build/soc/libsoc.a(rtc_init.o)
                                         0xdc (size before relaxing)
 .literal.rtc_clk_cal_internal
                0x00000000400809c8       0x38 /home/lari/esp/test_lari/build/soc/libsoc.a(rtc_time.o)
                                         0x68 (size before relaxing)
 .literal.rtc_clk_cal
                0x0000000040080a00        0x0 /home/lari/esp/test_lari/build/soc/libsoc.a(rtc_time.o)
                                          0xc (size before relaxing)
 .literal.rtc_time_get
                0x0000000040080a00       0x10 /home/lari/esp/test_lari/build/soc/libsoc.a(rtc_time.o)
                                         0x18 (size before relaxing)
 .literal.rtc_clk_wait_for_slow_cycle
                0x0000000040080a10        0x8 /home/lari/esp/test_lari/build/soc/libsoc.a(rtc_time.o)
                                         0x20 (size before relaxing)
 .literal.rtc_wdt_get_protect_status
                0x0000000040080a18        0x8 /home/lari/esp/test_lari/build/soc/libsoc.a(rtc_wdt.o)
 .literal.rtc_wdt_protect_off
                0x0000000040080a20        0x0 /home/lari/esp/test_lari/build/soc/libsoc.a(rtc_wdt.o)
                                          0x8 (size before relaxing)
 .literal.rtc_wdt_protect_on
                0x0000000040080a20        0x0 /home/lari/esp/test_lari/build/soc/libsoc.a(rtc_wdt.o)
                                          0x4 (size before relaxing)
 .literal.rtc_wdt_enable
                0x0000000040080a20        0xc /home/lari/esp/test_lari/build/soc/libsoc.a(rtc_wdt.o)
                                         0x10 (size before relaxing)
 .literal.rtc_wdt_feed
                0x0000000040080a2c        0x0 /home/lari/esp/test_lari/build/soc/libsoc.a(rtc_wdt.o)
                                         0x14 (size before relaxing)
 .literal.rtc_wdt_set_time
                0x0000000040080a2c       0x14 /home/lari/esp/test_lari/build/soc/libsoc.a(rtc_wdt.o)
                                         0x20 (size before relaxing)
 .literal.rtc_wdt_set_stage
                0x0000000040080a40        0x8 /home/lari/esp/test_lari/build/soc/libsoc.a(rtc_wdt.o)
                                         0x14 (size before relaxing)
 .literal.rtc_wdt_disable
                0x0000000040080a48        0x0 /home/lari/esp/test_lari/build/soc/libsoc.a(rtc_wdt.o)
                                         0x2c (size before relaxing)
 .literal.rtc_wdt_set_length_of_reset_signal
                0x0000000040080a48        0x8 /home/lari/esp/test_lari/build/soc/libsoc.a(rtc_wdt.o)
                                          0xc (size before relaxing)
 .literal.rtc_wdt_is_on
                0x0000000040080a50        0x0 /home/lari/esp/test_lari/build/soc/libsoc.a(rtc_wdt.o)
                                          0x4 (size before relaxing)
 .literal.rtc_clk_32k_enable_common
                0x0000000040080a50       0x14 /home/lari/esp/test_lari/build/soc/libsoc.a(rtc_clk.o)
 .literal.rtc_clk_bbpll_disable
                0x0000000040080a64        0x8 /home/lari/esp/test_lari/build/soc/libsoc.a(rtc_clk.o)
                                         0x10 (size before relaxing)
 .literal.rtc_clk_bbpll_enable
                0x0000000040080a6c        0x8 /home/lari/esp/test_lari/build/soc/libsoc.a(rtc_clk.o)
                                         0x1c (size before relaxing)
 .literal.rtc_clk_32k_enable
                0x0000000040080a74        0x0 /home/lari/esp/test_lari/build/soc/libsoc.a(rtc_clk.o)
                                          0xc (size before relaxing)
 .literal.rtc_clk_32k_enable_external
                0x0000000040080a74        0x0 /home/lari/esp/test_lari/build/soc/libsoc.a(rtc_clk.o)
                                          0x4 (size before relaxing)
 .literal.rtc_clk_8m_enable
                0x0000000040080a74        0x0 /home/lari/esp/test_lari/build/soc/libsoc.a(rtc_clk.o)
                                         0x10 (size before relaxing)
 .literal.rtc_clk_slow_freq_set
                0x0000000040080a74        0x0 /home/lari/esp/test_lari/build/soc/libsoc.a(rtc_clk.o)
                                          0xc (size before relaxing)
 .literal.rtc_clk_slow_freq_get
                0x0000000040080a74        0x0 /home/lari/esp/test_lari/build/soc/libsoc.a(rtc_clk.o)
                                          0x4 (size before relaxing)
 .literal.rtc_clk_slow_freq_get_hz
                0x0000000040080a74        0x0 /home/lari/esp/test_lari/build/soc/libsoc.a(rtc_clk.o)
                                         0x10 (size before relaxing)
 .literal.rtc_clk_fast_freq_set
                0x0000000040080a74        0x0 /home/lari/esp/test_lari/build/soc/libsoc.a(rtc_clk.o)
                                          0xc (size before relaxing)
 .literal.rtc_clk_bbpll_configure
                0x0000000040080a74        0x8 /home/lari/esp/test_lari/build/soc/libsoc.a(rtc_clk.o)
                                         0x3c (size before relaxing)
 .literal.rtc_clk_xtal_freq_get
                0x0000000040080a7c        0x8 /home/lari/esp/test_lari/build/soc/libsoc.a(rtc_clk.o)
 .literal.rtc_clk_cpu_freq_mhz_to_config
                0x0000000040080a84        0x0 /home/lari/esp/test_lari/build/soc/libsoc.a(rtc_clk.o)
                                          0x4 (size before relaxing)
 .literal.rtc_clk_cpu_freq_get_config
                0x0000000040080a84       0x10 /home/lari/esp/test_lari/build/soc/libsoc.a(rtc_clk.o)
                                         0x34 (size before relaxing)
 .literal.rtc_clk_apb_freq_update
                0x0000000040080a94        0x4 /home/lari/esp/test_lari/build/soc/libsoc.a(rtc_clk.o)
 .literal.rtc_clk_cpu_freq_to_xtal
                0x0000000040080a98        0xc /home/lari/esp/test_lari/build/soc/libsoc.a(rtc_clk.o)
                                         0x34 (size before relaxing)
 .literal.rtc_clk_cpu_freq_set_xtal
                0x0000000040080aa4        0x0 /home/lari/esp/test_lari/build/soc/libsoc.a(rtc_clk.o)
                                         0x10 (size before relaxing)
 .literal.rtc_clk_cpu_freq_to_pll_mhz
                0x0000000040080aa4        0x8 /home/lari/esp/test_lari/build/soc/libsoc.a(rtc_clk.o)
                                         0x3c (size before relaxing)
 .literal.rtc_clk_cpu_freq_to_8m
                0x0000000040080aac        0x4 /home/lari/esp/test_lari/build/soc/libsoc.a(rtc_clk.o)
                                         0x2c (size before relaxing)
 .literal.rtc_clk_cpu_freq_set_config
                0x0000000040080ab0        0x0 /home/lari/esp/test_lari/build/soc/libsoc.a(rtc_clk.o)
                                         0x30 (size before relaxing)
 .literal.rtc_clk_apb_freq_get
                0x0000000040080ab0        0x4 /home/lari/esp/test_lari/build/soc/libsoc.a(rtc_clk.o)
                                         0x10 (size before relaxing)
 .literal.xt_unhandled_interrupt
                0x0000000040080ab4        0x4 /home/lari/esp/test_lari/build/freertos/libfreertos.a(xtensa_intr.o)
                                          0x8 (size before relaxing)
 .literal.xt_set_interrupt_handler
                0x0000000040080ab8        0x8 /home/lari/esp/test_lari/build/freertos/libfreertos.a(xtensa_intr.o)
                                          0xc (size before relaxing)
 .literal.prvIsQueueFull
                0x0000000040080ac0        0x0 /home/lari/esp/test_lari/build/freertos/libfreertos.a(queue.o)
                                          0x8 (size before relaxing)
 .literal.prvCopyDataToQueue
                0x0000000040080ac0        0x0 /home/lari/esp/test_lari/build/freertos/libfreertos.a(queue.o)
                                          0xc (size before relaxing)
 .literal.prvNotifyQueueSetContainer
                0x0000000040080ac0       0x14 /home/lari/esp/test_lari/build/freertos/libfreertos.a(queue.o)
                                         0x34 (size before relaxing)
 .literal.prvCopyDataFromQueue
                0x0000000040080ad4        0x0 /home/lari/esp/test_lari/build/freertos/libfreertos.a(queue.o)
                                          0x4 (size before relaxing)
 .literal.xQueueGenericReset
                0x0000000040080ad4        0x4 /home/lari/esp/test_lari/build/freertos/libfreertos.a(queue.o)
                                         0x30 (size before relaxing)
 .literal.prvInitialiseNewQueue
                0x0000000040080ad8        0x0 /home/lari/esp/test_lari/build/freertos/libfreertos.a(queue.o)
                                          0x4 (size before relaxing)
 .literal.xQueueGenericCreate
                0x0000000040080ad8        0x4 /home/lari/esp/test_lari/build/freertos/libfreertos.a(queue.o)
                                         0x1c (size before relaxing)
 .literal.xQueueGetMutexHolder
                0x0000000040080adc        0x0 /home/lari/esp/test_lari/build/freertos/libfreertos.a(queue.o)
                                          0x8 (size before relaxing)
 .literal.xQueueCreateCountingSemaphore
                0x0000000040080adc        0x4 /home/lari/esp/test_lari/build/freertos/libfreertos.a(queue.o)
                                         0x28 (size before relaxing)
 .literal.xQueueGenericSend
                0x0000000040080ae0        0x4 /home/lari/esp/test_lari/build/freertos/libfreertos.a(queue.o)
                                         0x7c (size before relaxing)
 .literal.prvInitialiseMutex
                0x0000000040080ae4        0x0 /home/lari/esp/test_lari/build/freertos/libfreertos.a(queue.o)
                                          0x8 (size before relaxing)
 .literal.xQueueCreateMutex
                0x0000000040080ae4        0x0 /home/lari/esp/test_lari/build/freertos/libfreertos.a(queue.o)
                                          0x8 (size before relaxing)
 .literal.xQueueGiveMutexRecursive
                0x0000000040080ae4        0x4 /home/lari/esp/test_lari/build/freertos/libfreertos.a(queue.o)
                                         0x1c (size before relaxing)
 .literal.xQueueGenericSendFromISR
                0x0000000040080ae8        0x4 /home/lari/esp/test_lari/build/freertos/libfreertos.a(queue.o)
                                         0x3c (size before relaxing)
 .literal.xQueueGiveFromISR
                0x0000000040080aec        0x4 /home/lari/esp/test_lari/build/freertos/libfreertos.a(queue.o)
                                         0x30 (size before relaxing)
 .literal.xQueueGenericReceive
                0x0000000040080af0        0x4 /home/lari/esp/test_lari/build/freertos/libfreertos.a(queue.o)
                                         0x78 (size before relaxing)
 .literal.xQueueTakeMutexRecursive
                0x0000000040080af4        0x4 /home/lari/esp/test_lari/build/freertos/libfreertos.a(queue.o)
                                         0x1c (size before relaxing)
 .literal.xQueueReceiveFromISR
                0x0000000040080af8        0x4 /home/lari/esp/test_lari/build/freertos/libfreertos.a(queue.o)
                                         0x30 (size before relaxing)
 .literal.vQueueDelete
                0x0000000040080afc        0x4 /home/lari/esp/test_lari/build/freertos/libfreertos.a(queue.o)
                                         0x18 (size before relaxing)
 .literal.vQueueWaitForMessageRestricted
                0x0000000040080b00        0x0 /home/lari/esp/test_lari/build/freertos/libfreertos.a(queue.o)
                                          0xc (size before relaxing)
 .literal._xt_tick_divisor_init
                0x0000000040080b00        0x8 /home/lari/esp/test_lari/build/freertos/libfreertos.a(xtensa_init.o)
                                          0xc (size before relaxing)
 .literal.vPortTaskWrapper
                0x0000000040080b08        0x8 /home/lari/esp/test_lari/build/freertos/libfreertos.a(port.o)
                                         0x18 (size before relaxing)
 .literal.pxPortInitialiseStack
                0x0000000040080b10       0x14 /home/lari/esp/test_lari/build/freertos/libfreertos.a(port.o)
                                         0x1c (size before relaxing)
 .literal.xPortStartScheduler
                0x0000000040080b24        0x0 /home/lari/esp/test_lari/build/freertos/libfreertos.a(port.o)
                                         0x14 (size before relaxing)
 .literal.xPortSysTickHandler
                0x0000000040080b24        0x0 /home/lari/esp/test_lari/build/freertos/libfreertos.a(port.o)
                                          0x8 (size before relaxing)
 .literal.vPortYieldOtherCore
                0x0000000040080b24        0x0 /home/lari/esp/test_lari/build/freertos/libfreertos.a(port.o)
                                          0x4 (size before relaxing)
 .literal.vPortReleaseTaskMPUSettings
                0x0000000040080b24        0x0 /home/lari/esp/test_lari/build/freertos/libfreertos.a(port.o)
                                          0x4 (size before relaxing)
 .literal.xPortInIsrContext
                0x0000000040080b24        0x0 /home/lari/esp/test_lari/build/freertos/libfreertos.a(port.o)
                                          0x8 (size before relaxing)
 .literal.vPortCPUInitializeMutex
                0x0000000040080b24        0x4 /home/lari/esp/test_lari/build/freertos/libfreertos.a(port.o)
 .literal.vPortCPUAcquireMutex
                0x0000000040080b28       0x1c /home/lari/esp/test_lari/build/freertos/libfreertos.a(port.o)
                                         0x30 (size before relaxing)
 .literal.vPortCPUReleaseMutex
                0x0000000040080b44        0xc /home/lari/esp/test_lari/build/freertos/libfreertos.a(port.o)
                                         0x20 (size before relaxing)
 .literal.prvResetNextTaskUnblockTime
                0x0000000040080b50        0x8 /home/lari/esp/test_lari/build/freertos/libfreertos.a(tasks.o)
 .literal.prvDeleteTLS
                0x0000000040080b58       0x10 /home/lari/esp/test_lari/build/freertos/libfreertos.a(tasks.o)
                                         0x18 (size before relaxing)
 .literal.prvInitialiseNewTask
                0x0000000040080b68        0x0 /home/lari/esp/test_lari/build/freertos/libfreertos.a(tasks.o)
                                         0x18 (size before relaxing)
 .literal.prvInitialiseTaskLists
                0x0000000040080b68       0x20 /home/lari/esp/test_lari/build/freertos/libfreertos.a(tasks.o)
                                         0x40 (size before relaxing)
 .literal.prvDeleteTCB
                0x0000000040080b88        0x8 /home/lari/esp/test_lari/build/freertos/libfreertos.a(tasks.o)
                                         0x2c (size before relaxing)
 .literal.prvAddCurrentTaskToDelayedList
                0x0000000040080b90        0x4 /home/lari/esp/test_lari/build/freertos/libfreertos.a(tasks.o)
                                         0x1c (size before relaxing)
 .literal.taskYIELD_OTHER_CORE
                0x0000000040080b94        0x0 /home/lari/esp/test_lari/build/freertos/libfreertos.a(tasks.o)
                                         0x10 (size before relaxing)
 .literal.vTaskSuspendAll
                0x0000000040080b94        0x4 /home/lari/esp/test_lari/build/freertos/libfreertos.a(tasks.o)
                                          0x8 (size before relaxing)
 .literal.xTaskGetTickCount
                0x0000000040080b98        0x0 /home/lari/esp/test_lari/build/freertos/libfreertos.a(tasks.o)
                                          0x4 (size before relaxing)
 .literal.xTaskGetIdleTaskHandleForCPU
                0x0000000040080b98        0xc /home/lari/esp/test_lari/build/freertos/libfreertos.a(tasks.o)
                                         0x1c (size before relaxing)
 .literal.vTaskSwitchContext
                0x0000000040080ba4       0x18 /home/lari/esp/test_lari/build/freertos/libfreertos.a(tasks.o)
                                         0x3c (size before relaxing)
 .literal.vTaskSetTimeOutState
                0x0000000040080bbc        0xc /home/lari/esp/test_lari/build/freertos/libfreertos.a(tasks.o)
                                         0x20 (size before relaxing)
 .literal.xTaskGetCurrentTaskHandle
                0x0000000040080bc8        0x0 /home/lari/esp/test_lari/build/freertos/libfreertos.a(tasks.o)
                                          0x8 (size before relaxing)
 .literal.__getreent
                0x0000000040080bc8        0x0 /home/lari/esp/test_lari/build/freertos/libfreertos.a(tasks.o)
                                          0x8 (size before relaxing)
 .literal.pcTaskGetTaskName
                0x0000000040080bc8        0x8 /home/lari/esp/test_lari/build/freertos/libfreertos.a(tasks.o)
                                         0x1c (size before relaxing)
 .literal.xTaskGetAffinity
                0x0000000040080bd0        0x0 /home/lari/esp/test_lari/build/freertos/libfreertos.a(tasks.o)
                                          0x4 (size before relaxing)
 .literal.xTaskGetCurrentTaskHandleForCPU
                0x0000000040080bd0        0x0 /home/lari/esp/test_lari/build/freertos/libfreertos.a(tasks.o)
                                          0x4 (size before relaxing)
 .literal.xTaskGetSchedulerState
                0x0000000040080bd0        0x4 /home/lari/esp/test_lari/build/freertos/libfreertos.a(tasks.o)
                                          0xc (size before relaxing)
 .literal.vTaskEnterCritical
                0x0000000040080bd4       0x14 /home/lari/esp/test_lari/build/freertos/libfreertos.a(tasks.o)
                                         0x34 (size before relaxing)
 .literal.vTaskExitCritical
                0x0000000040080be8        0xc /home/lari/esp/test_lari/build/freertos/libfreertos.a(tasks.o)
                                         0x28 (size before relaxing)
 .literal.prvAddNewTaskToReadyList
                0x0000000040080bf4       0x10 /home/lari/esp/test_lari/build/freertos/libfreertos.a(tasks.o)
                                         0x58 (size before relaxing)
 .literal.xTaskCreatePinnedToCore
                0x0000000040080c04        0x0 /home/lari/esp/test_lari/build/freertos/libfreertos.a(tasks.o)
                                         0x18 (size before relaxing)
 .literal.vTaskStartScheduler
                0x0000000040080c04       0x10 /home/lari/esp/test_lari/build/freertos/libfreertos.a(tasks.o)
                                         0x3c (size before relaxing)
 .literal.vTaskDelete
                0x0000000040080c14        0x8 /home/lari/esp/test_lari/build/freertos/libfreertos.a(tasks.o)
                                         0x60 (size before relaxing)
 .literal.uxTaskPriorityGet
                0x0000000040080c1c        0x0 /home/lari/esp/test_lari/build/freertos/libfreertos.a(tasks.o)
                                         0x10 (size before relaxing)
 .literal.vTaskPrioritySet
                0x0000000040080c1c        0x4 /home/lari/esp/test_lari/build/freertos/libfreertos.a(tasks.o)
                                         0x44 (size before relaxing)
 .literal.prvCheckTasksWaitingTermination
                0x0000000040080c20        0x8 /home/lari/esp/test_lari/build/freertos/libfreertos.a(tasks.o)
                                         0x30 (size before relaxing)
 .literal.prvIdleTask
                0x0000000040080c28        0x0 /home/lari/esp/test_lari/build/freertos/libfreertos.a(tasks.o)
                                          0x8 (size before relaxing)
 .literal.xTaskIncrementTick
                0x0000000040080c28        0xc /home/lari/esp/test_lari/build/freertos/libfreertos.a(tasks.o)
                                         0x6c (size before relaxing)
 .literal.xTaskResumeAll
                0x0000000040080c34        0x8 /home/lari/esp/test_lari/build/freertos/libfreertos.a(tasks.o)
                                         0x5c (size before relaxing)
 .literal.vTaskPlaceOnEventList
                0x0000000040080c3c        0x8 /home/lari/esp/test_lari/build/freertos/libfreertos.a(tasks.o)
                                         0x40 (size before relaxing)
 .literal.vTaskPlaceOnEventListRestricted
                0x0000000040080c44        0x8 /home/lari/esp/test_lari/build/freertos/libfreertos.a(tasks.o)
                                         0x38 (size before relaxing)
 .literal.xTaskRemoveFromEventList
                0x0000000040080c4c        0x8 /home/lari/esp/test_lari/build/freertos/libfreertos.a(tasks.o)
                                         0x58 (size before relaxing)
 .literal.xTaskCheckForTimeOut
                0x0000000040080c54        0xc /home/lari/esp/test_lari/build/freertos/libfreertos.a(tasks.o)
                                         0x3c (size before relaxing)
 .literal.vTaskPriorityInherit
                0x0000000040080c60        0x0 /home/lari/esp/test_lari/build/freertos/libfreertos.a(tasks.o)
                                         0x28 (size before relaxing)
 .literal.xTaskPriorityDisinherit
                0x0000000040080c60        0x8 /home/lari/esp/test_lari/build/freertos/libfreertos.a(tasks.o)
                                         0x3c (size before relaxing)
 .literal.pvTaskIncrementMutexHeldCount
                0x0000000040080c68        0x0 /home/lari/esp/test_lari/build/freertos/libfreertos.a(tasks.o)
                                         0x10 (size before relaxing)
 .literal.prvGetNextExpireTime
                0x0000000040080c68        0x4 /home/lari/esp/test_lari/build/freertos/libfreertos.a(timers.o)
 .literal.prvInsertTimerInActiveList
                0x0000000040080c6c        0x4 /home/lari/esp/test_lari/build/freertos/libfreertos.a(timers.o)
                                         0x10 (size before relaxing)
 .literal.prvCheckForValidListAndQueue
                0x0000000040080c70       0x1c /home/lari/esp/test_lari/build/freertos/libfreertos.a(timers.o)
                                         0x44 (size before relaxing)
 .literal.xTimerCreateTimerTask
                0x0000000040080c8c        0xc /home/lari/esp/test_lari/build/freertos/libfreertos.a(timers.o)
                                         0x2c (size before relaxing)
 .literal.xTimerGenericCommand
                0x0000000040080c98        0x0 /home/lari/esp/test_lari/build/freertos/libfreertos.a(timers.o)
                                         0x14 (size before relaxing)
 .literal.prvSwitchTimerLists
                0x0000000040080c98        0x4 /home/lari/esp/test_lari/build/freertos/libfreertos.a(timers.o)
                                         0x28 (size before relaxing)
 .literal.prvSampleTimeNow
                0x0000000040080c9c        0x4 /home/lari/esp/test_lari/build/freertos/libfreertos.a(timers.o)
                                          0xc (size before relaxing)
 .literal.prvProcessExpiredTimer
                0x0000000040080ca0        0x4 /home/lari/esp/test_lari/build/freertos/libfreertos.a(timers.o)
                                         0x24 (size before relaxing)
 .literal.prvProcessTimerOrBlockTask
                0x0000000040080ca4        0x0 /home/lari/esp/test_lari/build/freertos/libfreertos.a(timers.o)
                                         0x24 (size before relaxing)
 .literal.prvProcessReceivedCommands
                0x0000000040080ca4        0x8 /home/lari/esp/test_lari/build/freertos/libfreertos.a(timers.o)
                                         0x40 (size before relaxing)
 .literal.prvTimerTask
                0x0000000040080cac        0x0 /home/lari/esp/test_lari/build/freertos/libfreertos.a(timers.o)
                                          0xc (size before relaxing)
 .literal       0x0000000040080cac        0x0 /home/lari/esp/test_lari/build/freertos/libfreertos.a(xtensa_context.o)
                                         0x10 (size before relaxing)
 .literal       0x0000000040080cac        0x8 /home/lari/esp/test_lari/build/freertos/libfreertos.a(portasm.o)
                                         0x54 (size before relaxing)
 .literal.get_prev_free_block
                0x0000000040080cb4       0x10 /home/lari/esp/test_lari/build/heap/libheap.a(multi_heap.o)
                                         0x28 (size before relaxing)
 .literal.split_if_necessary
                0x0000000040080cc4       0x10 /home/lari/esp/test_lari/build/heap/libheap.a(multi_heap.o)
                                         0x50 (size before relaxing)
 .literal.assert_valid_block
                0x0000000040080cd4        0x0 /home/lari/esp/test_lari/build/heap/libheap.a(multi_heap.o)
                                         0x2c (size before relaxing)
 .literal.merge_adjacent
                0x0000000040080cd4        0x8 /home/lari/esp/test_lari/build/heap/libheap.a(multi_heap.o)
                                         0x4c (size before relaxing)
 .literal.multi_heap_get_allocated_size_impl
                0x0000000040080cdc        0x0 /home/lari/esp/test_lari/build/heap/libheap.a(multi_heap.o)
                                         0x10 (size before relaxing)
 .literal.multi_heap_malloc_impl
                0x0000000040080cdc        0x0 /home/lari/esp/test_lari/build/heap/libheap.a(multi_heap.o)
                                         0x28 (size before relaxing)
 .literal.multi_heap_free_impl
                0x0000000040080cdc        0x0 /home/lari/esp/test_lari/build/heap/libheap.a(multi_heap.o)
                                         0x50 (size before relaxing)
 .literal.multi_heap_realloc_impl
                0x0000000040080cdc        0xc /home/lari/esp/test_lari/build/heap/libheap.a(multi_heap.o)
                                         0x68 (size before relaxing)
 .literal       0x0000000040080ce8       0x10 /home/lari/esp/esp-idf/components/newlib/lib/libm.a(lib_a-s_fpclassify.o)
                                         0x18 (size before relaxing)
 .literal       0x0000000040080cf8        0x0 /home/lari/esp/esp-idf/components/newlib/lib/libc.a(lib_a-clock.o)
                                          0x8 (size before relaxing)
 .iram1.21      0x0000000040080cf8       0xc9 /home/lari/esp/test_lari/build/esp32/libesp32.a(cpu_start.o)
                                        0x125 (size before relaxing)
                0x0000000040080cf8                start_cpu0
                0x0000000040080cf8                start_cpu0_default
 *fill*         0x0000000040080dc1        0x3 
 .iram1.23      0x0000000040080dc4       0x32 /home/lari/esp/test_lari/build/esp32/libesp32.a(cpu_start.o)
                                         0x46 (size before relaxing)
                0x0000000040080dc4                start_cpu1_default
                0x0000000040080dc4                start_cpu1
 *fill*         0x0000000040080df6        0x2 
 .iram1.25      0x0000000040080df8       0x4c /home/lari/esp/test_lari/build/esp32/libesp32.a(cpu_start.o)
                                         0x58 (size before relaxing)
 .iram1.24      0x0000000040080e44      0x1b6 /home/lari/esp/test_lari/build/esp32/libesp32.a(cpu_start.o)
                                        0x212 (size before relaxing)
                0x0000000040080e44                call_start_cpu0
 *fill*         0x0000000040080ffa        0x2 
 .iram1.13      0x0000000040080ffc       0x2c /home/lari/esp/test_lari/build/esp32/libesp32.a(cache_err_int.o)
                                         0x34 (size before relaxing)
                0x0000000040080ffc                esp_cache_err_get_cpuid
 .iram1.20      0x0000000040081028       0x11 /home/lari/esp/test_lari/build/esp32/libesp32.a(esp_timer.o)
 *fill*         0x0000000040081039        0x3 
 .iram1.17      0x000000004008103c        0xb /home/lari/esp/test_lari/build/esp32/libesp32.a(esp_timer.o)
                                          0xe (size before relaxing)
 *fill*         0x0000000040081047        0x1 
 .iram1.18      0x0000000040081048        0xb /home/lari/esp/test_lari/build/esp32/libesp32.a(esp_timer.o)
                                          0xe (size before relaxing)
 *fill*         0x0000000040081053        0x1 
 .iram1.14      0x0000000040081054       0x97 /home/lari/esp/test_lari/build/esp32/libesp32.a(esp_timer.o)
                                         0x9e (size before relaxing)
 *fill*         0x00000000400810eb        0x1 
 .iram1.19      0x00000000400810ec       0x1c /home/lari/esp/test_lari/build/esp32/libesp32.a(esp_timer.o)
                                         0x20 (size before relaxing)
 .iram1.22      0x0000000040081108        0xf /home/lari/esp/test_lari/build/esp32/libesp32.a(esp_timer.o)
                0x0000000040081108                esp_timer_get_time
 *fill*         0x0000000040081117        0x1 
 .iram1.15      0x0000000040081118       0xb0 /home/lari/esp/test_lari/build/esp32/libesp32.a(dport_access.o)
                0x0000000040081118                esp_dport_access_stall_other_cpu_start
 .iram1.16      0x00000000400811c8       0x7c /home/lari/esp/test_lari/build/esp32/libesp32.a(dport_access.o)
                                         0x80 (size before relaxing)
                0x00000000400811c8                esp_dport_access_stall_other_cpu_end
 .iram1.19      0x0000000040081244       0x23 /home/lari/esp/test_lari/build/esp32/libesp32.a(dport_access.o)
                                         0x27 (size before relaxing)
                0x0000000040081244                esp_dport_access_int_pause
 *fill*         0x0000000040081267        0x1 
 .iram1.20      0x0000000040081268       0x14 /home/lari/esp/test_lari/build/esp32/libesp32.a(dport_access.o)
                0x0000000040081268                esp_dport_access_int_abort
 .iram1.23      0x000000004008127c       0x15 /home/lari/esp/test_lari/build/esp32/libesp32.a(dport_access.o)
                0x000000004008127c                esp_dport_access_reg_read
 *fill*         0x0000000040081291        0x3 
 .iram1.24      0x0000000040081294        0xc /home/lari/esp/test_lari/build/esp32/libesp32.a(dport_access.o)
                0x0000000040081294                esp_dport_access_sequence_reg_read
 .iram1.14      0x00000000400812a0       0x53 /home/lari/esp/test_lari/build/esp32/libesp32.a(int_wdt.o)
 *fill*         0x00000000400812f3        0x1 
 .iram1         0x00000000400812f4       0xda /home/lari/esp/test_lari/build/esp32/libesp32.a(dport_panic_highint_hdl.o)
                0x00000000400812f4                xt_highint4
                0x00000000400813ce                ld_include_panic_highint_hdl
 *fill*         0x00000000400813ce        0x2 
 .iram1.22      0x00000000400813d0      0x173 /home/lari/esp/test_lari/build/esp32/libesp32.a(system_api.o)
                                        0x1bf (size before relaxing)
                0x00000000400813d0                esp_restart_noos
 *fill*         0x0000000040081543        0x1 
 .iram1.17      0x0000000040081544       0x52 /home/lari/esp/test_lari/build/esp32/libesp32.a(crosscore_int.o)
                                         0x5a (size before relaxing)
 *fill*         0x0000000040081596        0x2 
 .iram1.16      0x0000000040081598       0x44 /home/lari/esp/test_lari/build/esp32/libesp32.a(crosscore_int.o)
                                         0x4c (size before relaxing)
 .iram1.18      0x00000000400815dc        0xf /home/lari/esp/test_lari/build/esp32/libesp32.a(crosscore_int.o)
                0x00000000400815dc                esp_crosscore_int_send_yield
 *fill*         0x00000000400815eb        0x1 
 .iram1.15      0x00000000400815ec      0x122 /home/lari/esp/test_lari/build/esp32/libesp32.a(esp_timer_esp32.o)
                                        0x126 (size before relaxing)
 *fill*         0x000000004008170e        0x2 
 .iram1.13      0x0000000040081710      0x16e /home/lari/esp/test_lari/build/esp32/libesp32.a(esp_timer_esp32.o)
                0x0000000040081710                esp_timer_impl_get_time
 *fill*         0x000000004008187e        0x2 
 .iram1.14      0x0000000040081880      0x148 /home/lari/esp/test_lari/build/esp32/libesp32.a(esp_timer_esp32.o)
                                        0x14b (size before relaxing)
                0x0000000040081880                esp_timer_impl_set_alarm
 *fill*         0x00000000400819c8        0x0 
 .iram1.4       0x00000000400819c8       0x10 /home/lari/esp/test_lari/build/esp32/libesp32.a(clk.o)
                0x00000000400819c8                esp_clk_cpu_freq
 .iram1.5       0x00000000400819d8       0x15 /home/lari/esp/test_lari/build/esp32/libesp32.a(clk.o)
                0x00000000400819d8                esp_clk_apb_freq
 *fill*         0x00000000400819ed        0x3 
 .iram1.7       0x00000000400819f0        0xf /home/lari/esp/test_lari/build/esp32/libesp32.a(clk.o)
                0x00000000400819f0                ets_update_cpu_frequency
 *fill*         0x00000000400819ff        0x1 
 .iram1.10      0x0000000040081a00       0x27 /home/lari/esp/test_lari/build/esp32/libesp32.a(freertos_hooks.o)
                0x0000000040081a00                esp_vApplicationTickHook
 *fill*         0x0000000040081a27        0x1 
 .iram1.11      0x0000000040081a28       0x39 /home/lari/esp/test_lari/build/esp32/libesp32.a(intr_alloc.o)
                                         0x3c (size before relaxing)
 *fill*         0x0000000040081a61        0x3 
 .iram1.13      0x0000000040081a64       0x85 /home/lari/esp/test_lari/build/esp32/libesp32.a(intr_alloc.o)
                                         0x89 (size before relaxing)
                0x0000000040081a64                esp_intr_enable
 *fill*         0x0000000040081ae9        0x3 
 .iram1.14      0x0000000040081aec       0xc5 /home/lari/esp/test_lari/build/esp32/libesp32.a(intr_alloc.o)
                                         0xcd (size before relaxing)
                0x0000000040081aec                esp_intr_disable
 *fill*         0x0000000040081bb1        0x3 
 .iram1.15      0x0000000040081bb4       0x4c /home/lari/esp/test_lari/build/esp32/libesp32.a(intr_alloc.o)
                                         0x50 (size before relaxing)
                0x0000000040081bb4                esp_intr_noniram_disable
 .iram1.16      0x0000000040081c00       0x3e /home/lari/esp/test_lari/build/esp32/libesp32.a(intr_alloc.o)
                0x0000000040081c00                esp_intr_noniram_enable
 *fill*         0x0000000040081c3e        0x2 
 .iram1.11      0x0000000040081c40       0x7f /home/lari/esp/test_lari/build/esp32/libesp32.a(ipc.o)
                                         0x8b (size before relaxing)
 *fill*         0x0000000040081cbf        0x1 
 .iram1.11      0x0000000040081cc0       0x1a /home/lari/esp/test_lari/build/freertos/libfreertos.a(port.o)
                0x0000000040081cc0                xPortInterruptedFromISRContext
 *fill*         0x0000000040081cda        0x2 
 .iram1         0x0000000040081cdc      0x4b4 /home/lari/esp/test_lari/build/freertos/libfreertos.a(xtensa_vectors.o)
                0x0000000040081cdc                _xt_panic
                0x0000000040081df4                _xt_user_exit
                0x00000000400820e0                _xt_medint2_exit
                0x000000004008217c                _xt_medint3_exit
 .iram1.18      0x0000000040082190       0x28 /home/lari/esp/test_lari/build/heap/libheap.a(heap_caps.o)
 .iram1.11      0x00000000400821b8       0x65 /home/lari/esp/test_lari/build/heap/libheap.a(heap_caps.o)
                                         0x74 (size before relaxing)
 *fill*         0x000000004008221d        0x3 
 .iram1.12      0x0000000040082220       0xa4 /home/lari/esp/test_lari/build/heap/libheap.a(heap_caps.o)
                                         0xa8 (size before relaxing)
                0x0000000040082220                heap_caps_malloc
 .iram1.13      0x00000000400822c4       0x49 /home/lari/esp/test_lari/build/heap/libheap.a(heap_caps.o)
                                         0x4d (size before relaxing)
                0x00000000400822c4                heap_caps_malloc_default
 *fill*         0x000000004008230d        0x3 
 .iram1.19      0x0000000040082310       0x37 /home/lari/esp/test_lari/build/heap/libheap.a(heap_caps.o)
                                         0x3e (size before relaxing)
                0x0000000040082310                heap_caps_free
 *fill*         0x0000000040082347        0x1 
 .iram1.20      0x0000000040082348       0xad /home/lari/esp/test_lari/build/heap/libheap.a(heap_caps.o)
                                         0xc1 (size before relaxing)
                0x0000000040082348                heap_caps_realloc
 *fill*         0x00000000400823f5        0x3 
 .iram1.14      0x00000000400823f8       0x59 /home/lari/esp/test_lari/build/heap/libheap.a(heap_caps.o)
                                         0x61 (size before relaxing)
                0x00000000400823f8                heap_caps_realloc_default
 *fill*         0x0000000040082451        0x3 
 .iram1.11      0x0000000040082454      0x12e /home/lari/esp/test_lari/build/log/liblog.a(log.o)
                                        0x136 (size before relaxing)
                0x0000000040082454                esp_log_write
 *fill*         0x0000000040082582        0x2 
 .iram1.12      0x0000000040082584       0x1c /home/lari/esp/test_lari/build/log/liblog.a(log.o)
                                         0x1f (size before relaxing)
                0x0000000040082584                esp_log_early_timestamp
 *fill*         0x00000000400825a0        0x0 
 .iram1.13      0x00000000400825a0       0x3f /home/lari/esp/test_lari/build/log/liblog.a(log.o)
                                         0x47 (size before relaxing)
                0x00000000400825a0                esp_log_timestamp
 *fill*         0x00000000400825df        0x1 
 .iram1.12      0x00000000400825e0       0x46 /home/lari/esp/test_lari/build/newlib/libnewlib.a(time.o)
                                         0x4a (size before relaxing)
                0x00000000400825e0                _gettimeofday_r
 *fill*         0x0000000040082626        0x2 
 .iram1.11      0x0000000040082628       0x28 /home/lari/esp/test_lari/build/newlib/libnewlib.a(time.o)
                                         0x2c (size before relaxing)
                0x0000000040082628                _times_r
 .iram1.10      0x0000000040082650        0xc /home/lari/esp/test_lari/build/newlib/libnewlib.a(syscalls.o)
                                         0x10 (size before relaxing)
                0x0000000040082650                _malloc_r
 .iram1.11      0x000000004008265c        0xa /home/lari/esp/test_lari/build/newlib/libnewlib.a(syscalls.o)
                                          0xe (size before relaxing)
                0x000000004008265c                _free_r
 *fill*         0x0000000040082666        0x2 
 .iram1.12      0x0000000040082668       0x11 /home/lari/esp/test_lari/build/newlib/libnewlib.a(syscalls.o)
                0x0000000040082668                _realloc_r
 *fill*         0x0000000040082679        0x3 
 .iram1.13      0x000000004008267c       0x2c /home/lari/esp/test_lari/build/newlib/libnewlib.a(syscalls.o)
                0x000000004008267c                _calloc_r
 .iram1.0       0x00000000400826a8       0x3c /home/lari/esp/test_lari/build/newlib/libnewlib.a(reent_init.o)
                0x00000000400826a8                esp_reent_init
 .iram1.11      0x00000000400826e4       0x34 /home/lari/esp/test_lari/build/newlib/libnewlib.a(locks.o)
                                         0x43 (size before relaxing)
 *fill*         0x0000000040082718        0x0 
 .iram1.15      0x0000000040082718       0x98 /home/lari/esp/test_lari/build/newlib/libnewlib.a(locks.o)
                                         0xb4 (size before relaxing)
 .iram1.20      0x00000000400827b0       0x4a /home/lari/esp/test_lari/build/newlib/libnewlib.a(locks.o)
                                         0x56 (size before relaxing)
 *fill*         0x00000000400827fa        0x2 
 .iram1.12      0x00000000400827fc       0x13 /home/lari/esp/test_lari/build/newlib/libnewlib.a(locks.o)
                0x00000000400827fc                _lock_init
 *fill*         0x000000004008280f        0x1 
 .iram1.13      0x0000000040082810       0x13 /home/lari/esp/test_lari/build/newlib/libnewlib.a(locks.o)
                0x0000000040082810                _lock_init_recursive
 *fill*         0x0000000040082823        0x1 
 .iram1.14      0x0000000040082824       0x3b /home/lari/esp/test_lari/build/newlib/libnewlib.a(locks.o)
                                         0x4b (size before relaxing)
                0x0000000040082824                _lock_close_recursive
                0x0000000040082824                _lock_close
 *fill*         0x000000004008285f        0x1 
 .iram1.16      0x0000000040082860        0xe /home/lari/esp/test_lari/build/newlib/libnewlib.a(locks.o)
                                         0x12 (size before relaxing)
                0x0000000040082860                _lock_acquire
 *fill*         0x000000004008286e        0x2 
 .iram1.17      0x0000000040082870        0xe /home/lari/esp/test_lari/build/newlib/libnewlib.a(locks.o)
                                         0x12 (size before relaxing)
                0x0000000040082870                _lock_acquire_recursive
 *fill*         0x000000004008287e        0x2 
 .iram1.18      0x0000000040082880       0x10 /home/lari/esp/test_lari/build/newlib/libnewlib.a(locks.o)
                                         0x14 (size before relaxing)
                0x0000000040082880                _lock_try_acquire
 .iram1.19      0x0000000040082890       0x10 /home/lari/esp/test_lari/build/newlib/libnewlib.a(locks.o)
                                         0x14 (size before relaxing)
                0x0000000040082890                _lock_try_acquire_recursive
 .iram1.21      0x00000000400828a0        0xf /home/lari/esp/test_lari/build/newlib/libnewlib.a(locks.o)
                0x00000000400828a0                _lock_release
 *fill*         0x00000000400828af        0x1 
 .iram1.22      0x00000000400828b0        0xf /home/lari/esp/test_lari/build/newlib/libnewlib.a(locks.o)
                0x00000000400828b0                _lock_release_recursive
 *fill*         0x00000000400828bf        0x1 
 .iram1.0       0x00000000400828c0       0x92 /home/lari/esp/test_lari/build/soc/libsoc.a(cpu_util.o)
                0x00000000400828c0                esp_cpu_stall
 *fill*         0x0000000040082952        0x2 
 .iram1.1       0x0000000040082954       0x54 /home/lari/esp/test_lari/build/soc/libsoc.a(cpu_util.o)
                0x0000000040082954                esp_cpu_unstall
 .iram1.2       0x00000000400829a8       0x21 /home/lari/esp/test_lari/build/soc/libsoc.a(cpu_util.o)
                0x00000000400829a8                esp_cpu_reset
 *fill*         0x00000000400829c9        0x3 
 .iram1.3       0x00000000400829cc        0xe /home/lari/esp/test_lari/build/soc/libsoc.a(cpu_util.o)
                0x00000000400829cc                esp_cpu_in_ocd_debug_mode
 *fill*         0x00000000400829da        0x2 
 .iram1.28      0x00000000400829dc       0x64 /home/lari/esp/test_lari/build/spi_flash/libspi_flash.a(cache_utils.o)
                                         0x6c (size before relaxing)
 .iram1.22      0x0000000040082a40       0x43 /home/lari/esp/test_lari/build/spi_flash/libspi_flash.a(cache_utils.o)
                                         0x4f (size before relaxing)
                0x0000000040082a40                spi_flash_op_block_func
 *fill*         0x0000000040082a83        0x1 
 .iram1.27      0x0000000040082a84       0x66 /home/lari/esp/test_lari/build/spi_flash/libspi_flash.a(cache_utils.o)
                                         0x6e (size before relaxing)
 *fill*         0x0000000040082aea        0x2 
 .iram1.23      0x0000000040082aec       0xde /home/lari/esp/test_lari/build/spi_flash/libspi_flash.a(cache_utils.o)
                                        0x10a (size before relaxing)
                0x0000000040082aec                spi_flash_disable_interrupts_caches_and_other_cpu
 *fill*         0x0000000040082bca        0x2 
 .iram1.24      0x0000000040082bcc       0x8e /home/lari/esp/test_lari/build/spi_flash/libspi_flash.a(cache_utils.o)
                                         0xa6 (size before relaxing)
                0x0000000040082bcc                spi_flash_enable_interrupts_caches_and_other_cpu
 *fill*         0x0000000040082c5a        0x2 
 .iram1.29      0x0000000040082c5c       0x24 /home/lari/esp/test_lari/build/spi_flash/libspi_flash.a(cache_utils.o)
                                         0x28 (size before relaxing)
                0x0000000040082c5c                spi_flash_cache_enabled
 .iram1.22      0x0000000040082c80        0xa /home/lari/esp/test_lari/build/spi_flash/libspi_flash.a(flash_ops.o)
                0x0000000040082c80                spi_flash_guard_set
 *fill*         0x0000000040082c8a        0x2 
 .iram1.22      0x0000000040082c8c       0x24 /home/lari/esp/test_lari/build/spi_flash/libspi_flash.a(flash_mmap.o)
 .iram1.21      0x0000000040082cb0       0x83 /home/lari/esp/test_lari/build/spi_flash/libspi_flash.a(flash_mmap.o)
                                         0x87 (size before relaxing)
 *fill*         0x0000000040082d33        0x1 
 .iram1.27      0x0000000040082d34       0x17 /home/lari/esp/test_lari/build/spi_flash/libspi_flash.a(flash_mmap.o)
                                         0x1f (size before relaxing)
 *fill*         0x0000000040082d4b        0x1 
 .iram1.30      0x0000000040082d4c       0x82 /home/lari/esp/test_lari/build/spi_flash/libspi_flash.a(flash_mmap.o)
                                         0x8e (size before relaxing)
 *fill*         0x0000000040082dce        0x2 
 .iram1.24      0x0000000040082dd0      0x246 /home/lari/esp/test_lari/build/spi_flash/libspi_flash.a(flash_mmap.o)
                                        0x266 (size before relaxing)
                0x0000000040082dd0                spi_flash_mmap_pages
 *fill*         0x0000000040083016        0x2 
 .iram1.23      0x0000000040083018       0x71 /home/lari/esp/test_lari/build/spi_flash/libspi_flash.a(flash_mmap.o)
                0x0000000040083018                spi_flash_mmap
 *fill*         0x0000000040083089        0x3 
 .iram1.25      0x000000004008308c       0xa2 /home/lari/esp/test_lari/build/spi_flash/libspi_flash.a(flash_mmap.o)
                                         0xa6 (size before relaxing)
                0x000000004008308c                spi_flash_munmap
 *fill*         0x000000004008312e        0x0 
 *fill*         0x000000004008312e        0x0 
 *fill*         0x000000004008312e        0x0 
 *fill*         0x000000004008312e        0x0 
 *fill*         0x000000004008312e        0x0 
 *fill*         0x000000004008312e        0x0 
 *fill*         0x000000004008312e        0x0 
 *fill*         0x000000004008312e        0x0 
 *fill*         0x000000004008312e        0x0 
 *fill*         0x000000004008312e        0x0 
 *fill*         0x000000004008312e        0x0 
 *fill*         0x000000004008312e        0x2 
 .iram1.0       0x0000000040083130       0x20 /home/lari/esp/test_lari/build/esp32/libesp32.a(dbg_stubs.o)
 *fill*         0x0000000040083150        0x0 
 *fill*         0x0000000040083150        0x0 
 *fill*         0x0000000040083150        0x0 
 *fill*         0x0000000040083150        0x0 
 *fill*         0x0000000040083150        0x0 
 *fill*         0x0000000040083150        0x0 
 *fill*         0x0000000040083150        0x0 
 *fill*         0x0000000040083150        0x0 
 *fill*         0x0000000040083150        0x0 
 *fill*         0x0000000040083150        0x0 
 *fill*         0x0000000040083150        0x0 
 *fill*         0x0000000040083150        0x0 
 *fill*         0x0000000040083150        0x0 
 *fill*         0x0000000040083150        0x0 
 .iram1         0x0000000040083150       0x2e /home/lari/esp/test_lari/build/freertos/libfreertos.a(xtensa_vector_defaults.o)
                0x0000000040083150                xt_debugexception
                0x0000000040083170                xt_highint5
                0x0000000040083178                _xt_nmi
                0x0000000040083178                xt_nmi
 *fill*         0x000000004008317e        0x0 
 *fill*         0x000000004008317e        0x0 
 *fill*         0x000000004008317e        0x0 
 *fill*         0x000000004008317e        0x0 
 *fill*         0x000000004008317e        0x0 
 *fill*         0x000000004008317e        0x0 
 *fill*         0x000000004008317e        0x0 
 *fill*         0x000000004008317e        0x0 
 *fill*         0x000000004008317e        0x0 
 *fill*         0x000000004008317e        0x0 
 *fill*         0x000000004008317e        0x0 
 *fill*         0x000000004008317e        0x0 
 *fill*         0x000000004008317e        0x0 
 *fill*         0x000000004008317e        0x0 
 *fill*         0x000000004008317e        0x0 
 *fill*         0x000000004008317e        0x0 
 *fill*         0x000000004008317e        0x0 
 *fill*         0x000000004008317e        0x0 
 *fill*         0x000000004008317e        0x0 
 *fill*         0x000000004008317e        0x0 
 *fill*         0x000000004008317e        0x0 
 *fill*         0x000000004008317e        0x0 
 *fill*         0x000000004008317e        0x0 
 *fill*         0x000000004008317e        0x0 
 *fill*         0x000000004008317e        0x0 
 *fill*         0x000000004008317e        0x0 
 *fill*         0x000000004008317e        0x0 
 *fill*         0x000000004008317e        0x0 
 *fill*         0x000000004008317e        0x0 
 *fill*         0x000000004008317e        0x0 
 *fill*         0x000000004008317e        0x0 
 *fill*         0x000000004008317e        0x0 
 *fill*         0x000000004008317e        0x0 
 *libspi_flash.a:spi_flash_rom_patch.*(.literal .literal.* .text .text.*)
 *libesp_ringbuf.a:(.literal .literal.* .text .text.*)
 *fill*         0x000000004008317e        0x2 
 .text.prvGetFreeSize
                0x0000000040083180       0x3c /home/lari/esp/test_lari/build/esp_ringbuf/libesp_ringbuf.a(ringbuf.o)
                                         0x40 (size before relaxing)
 .text.prvReceiveGeneric
                0x00000000400831bc      0x128 /home/lari/esp/test_lari/build/esp_ringbuf/libesp_ringbuf.a(ringbuf.o)
                                        0x13c (size before relaxing)
 .text.xRingbufferSend
                0x00000000400832e4       0xfd /home/lari/esp/test_lari/build/esp_ringbuf/libesp_ringbuf.a(ringbuf.o)
                                        0x111 (size before relaxing)
                0x00000000400832e4                xRingbufferSend
 *fill*         0x00000000400833e1        0x3 
 .text.xRingbufferReceive
                0x00000000400833e4       0x45 /home/lari/esp/test_lari/build/esp_ringbuf/libesp_ringbuf.a(ringbuf.o)
                0x00000000400833e4                xRingbufferReceive
 *fill*         0x0000000040083429        0x3 
 .text.vRingbufferReturnItem
                0x000000004008342c       0x5a /home/lari/esp/test_lari/build/esp_ringbuf/libesp_ringbuf.a(ringbuf.o)
                                         0x66 (size before relaxing)
                0x000000004008342c                vRingbufferReturnItem
 *fill*         0x0000000040083486        0x2 
 .text.prvCheckItemAvail
                0x0000000040083488       0x34 /home/lari/esp/test_lari/build/esp_ringbuf/libesp_ringbuf.a(ringbuf.o)
 *fill*         0x00000000400834bc        0x0 
 *fill*         0x00000000400834bc        0x0 
 *libhal.a:(.literal .literal.* .text .text.*)
 .text          0x00000000400834bc      0x137 /home/lari/esp/esp-idf/components/esp32/libhal.a(windowspill_asm.o)
                0x00000000400834bc                xthal_window_spill_nw
                0x00000000400834bc                xthal_spill_registers_into_stack_nw
                0x00000000400835d0                xthal_window_spill
 *fill*         0x00000000400835f3        0x1 
 .text          0x00000000400835f4        0x8 /home/lari/esp/esp-idf/components/esp32/libhal.a(int_asm--set_intclear.o)
                0x00000000400835f4                xthal_set_intclear
 .text          0x00000000400835fc       0x48 /home/lari/esp/esp-idf/components/esp32/libhal.a(clock.o)
                0x00000000400835fc                xthal_get_ccount
                0x0000000040083604                xthal_set_ccompare
                0x0000000040083624                xthal_get_ccompare
 *fill*         0x0000000040083644        0x0 
 .text          0x0000000040083644       0x3e /home/lari/esp/esp-idf/components/esp32/libhal.a(state_asm--restore_extra_nw.o)
                0x0000000040083644                xthal_restore_extra_nw
 *fill*         0x0000000040083682        0x2 
 .text          0x0000000040083684       0x3e /home/lari/esp/esp-idf/components/esp32/libhal.a(state_asm--save_extra_nw.o)
                0x0000000040083684                xthal_save_extra_nw
 *libapp_trace.a:(.literal .literal.* .text .text.*)
 *libesp32.a:core_dump.*(.literal .literal.* .text .text.*)
 *libesp32.a:panic.*(.literal .literal.* .text .text.*)
 *fill*         0x00000000400836c2        0x2 
 .text.panicPutChar
                0x00000000400836c4       0x1e /home/lari/esp/test_lari/build/esp32/libesp32.a(panic.o)
 *fill*         0x00000000400836e2        0x2 
 .text.panicPutStr
                0x00000000400836e4       0x1a /home/lari/esp/test_lari/build/esp32/libesp32.a(panic.o)
 *fill*         0x00000000400836fe        0x2 
 .text.panicPutHex
                0x0000000040083700       0x2c /home/lari/esp/test_lari/build/esp32/libesp32.a(panic.o)
                                         0x2f (size before relaxing)
 *fill*         0x000000004008372c        0x0 
 .text.panicPutDec
                0x000000004008372c       0x3c /home/lari/esp/test_lari/build/esp32/libesp32.a(panic.o)
                                         0x46 (size before relaxing)
 *fill*         0x0000000040083768        0x0 
 .text.illegal_instruction_helper
                0x0000000040083768       0x57 /home/lari/esp/test_lari/build/esp32/libesp32.a(panic.o)
                                         0x73 (size before relaxing)
 *fill*         0x00000000400837bf        0x1 
 .text.reconfigureAllWdts
                0x00000000400837c0       0xa8 /home/lari/esp/test_lari/build/esp32/libesp32.a(panic.o)
 .text.putEntry
                0x0000000040083868       0x2b /home/lari/esp/test_lari/build/esp32/libesp32.a(panic.o)
                                         0x37 (size before relaxing)
 *fill*         0x0000000040083893        0x1 
 .text.doBacktrace
                0x0000000040083894       0x71 /home/lari/esp/test_lari/build/esp32/libesp32.a(panic.o)
                                         0x78 (size before relaxing)
 *fill*         0x0000000040083905        0x3 
 .text.invoke_abort
                0x0000000040083908       0x1d /home/lari/esp/test_lari/build/esp32/libesp32.a(panic.o)
 *fill*         0x0000000040083925        0x3 
 .text.haltOtherCore
                0x0000000040083928       0x18 /home/lari/esp/test_lari/build/esp32/libesp32.a(panic.o)
 .text.commonErrorHandler_dump
                0x0000000040083940       0xd6 /home/lari/esp/test_lari/build/esp32/libesp32.a(panic.o)
                                        0x116 (size before relaxing)
 *fill*         0x0000000040083a16        0x2 
 .text.commonErrorHandler
                0x0000000040083a18       0xa5 /home/lari/esp/test_lari/build/esp32/libesp32.a(panic.o)
                                         0xd5 (size before relaxing)
 *fill*         0x0000000040083abd        0x3 
 .text.esp_error_check_failed_print
                0x0000000040083ac0       0x56 /home/lari/esp/test_lari/build/esp32/libesp32.a(panic.o)
                                         0x5e (size before relaxing)
 *fill*         0x0000000040083b16        0x2 
 .text.abort    0x0000000040083b18       0x38 /home/lari/esp/test_lari/build/esp32/libesp32.a(panic.o)
                                         0x3e (size before relaxing)
                0x0000000040083b18                abort
 *fill*         0x0000000040083b50        0x0 
 .text.vApplicationStackOverflowHook
                0x0000000040083b50       0x17 /home/lari/esp/test_lari/build/esp32/libesp32.a(panic.o)
                                         0x23 (size before relaxing)
                0x0000000040083b50                vApplicationStackOverflowHook
 *fill*         0x0000000040083b67        0x1 
 .text.panicHandler
                0x0000000040083b68      0x167 /home/lari/esp/test_lari/build/esp32/libesp32.a(panic.o)
                                        0x19a (size before relaxing)
                0x0000000040083b68                panicHandler
 *fill*         0x0000000040083ccf        0x1 
 .text.xt_unhandled_exception
                0x0000000040083cd0       0x88 /home/lari/esp/test_lari/build/esp32/libesp32.a(panic.o)
                                         0xb4 (size before relaxing)
                0x0000000040083cd0                xt_unhandled_exception
 .text._esp_error_check_failed
                0x0000000040083d58       0x16 /home/lari/esp/test_lari/build/esp32/libesp32.a(panic.o)
                                         0x1e (size before relaxing)
                0x0000000040083d58                _esp_error_check_failed
 *fill*         0x0000000040083d6e        0x0 
 *fill*         0x0000000040083d6e        0x0 
 *fill*         0x0000000040083d6e        0x0 
 *fill*         0x0000000040083d6e        0x0 
 *fill*         0x0000000040083d6e        0x2 
 .text.setFirstBreakpoint
                0x0000000040083d70       0x13 /home/lari/esp/test_lari/build/esp32/libesp32.a(panic.o)
 *fill*         0x0000000040083d83        0x0 
 *fill*         0x0000000040083d83        0x0 
 *fill*         0x0000000040083d83        0x0 
 *fill*         0x0000000040083d83        0x0 
 *fill*         0x0000000040083d83        0x0 
 *fill*         0x0000000040083d83        0x0 
 *fill*         0x0000000040083d83        0x1 
 .text.esp_reset_reason_set_hint
                0x0000000040083d84        0x5 /home/lari/esp/test_lari/build/esp32/libesp32.a(panic.o)
                0x0000000040083d84                esp_reset_reason_set_hint
 *fill*         0x0000000040083d89        0x3 
 .text.esp_reset_reason_get_hint
                0x0000000040083d8c        0x7 /home/lari/esp/test_lari/build/esp32/libesp32.a(panic.o)
                0x0000000040083d8c                esp_reset_reason_get_hint
 *fill*         0x0000000040083d93        0x0 
 *fill*         0x0000000040083d93        0x0 
 *fill*         0x0000000040083d93        0x0 
 *fill*         0x0000000040083d93        0x0 
 *librtc.a:(.literal .literal.* .text .text.*)
 *libgcc.a:lib2funcs.*(.literal .literal.* .text .text.*)
 *libsoc.a:rtc_init.*(.literal .literal.* .text .text.*)
 *fill*         0x0000000040083d93        0x1 
 .text.rtc_init
                0x0000000040083d94      0x344 /home/lari/esp/test_lari/build/soc/libsoc.a(rtc_init.o)
                                        0x368 (size before relaxing)
                0x0000000040083d94                rtc_init
 *fill*         0x00000000400840d8        0x0 
 *libsoc.a:rtc_time.*(.literal .literal.* .text .text.*)
 .text.rtc_clk_cal_internal
                0x00000000400840d8      0x1c8 /home/lari/esp/test_lari/build/soc/libsoc.a(rtc_time.o)
                                        0x1d0 (size before relaxing)
 .text.rtc_clk_cal
                0x00000000400842a0       0x4e /home/lari/esp/test_lari/build/soc/libsoc.a(rtc_time.o)
                                         0x52 (size before relaxing)
                0x00000000400842a0                rtc_clk_cal
 *fill*         0x00000000400842ee        0x2 
 .text.rtc_time_get
                0x00000000400842f0       0x50 /home/lari/esp/test_lari/build/soc/libsoc.a(rtc_time.o)
                0x00000000400842f0                rtc_time_get
 .text.rtc_clk_wait_for_slow_cycle
                0x0000000040084340       0x79 /home/lari/esp/test_lari/build/soc/libsoc.a(rtc_time.o)
                0x0000000040084340                rtc_clk_wait_for_slow_cycle
 *fill*         0x00000000400843b9        0x0 
 *libsoc.a:rtc_wdt.*(.literal .literal.* .text .text.*)
 *fill*         0x00000000400843b9        0x3 
 .text.rtc_wdt_get_protect_status
                0x00000000400843bc       0x19 /home/lari/esp/test_lari/build/soc/libsoc.a(rtc_wdt.o)
                0x00000000400843bc                rtc_wdt_get_protect_status
 *fill*         0x00000000400843d5        0x3 
 .text.rtc_wdt_protect_off
                0x00000000400843d8       0x10 /home/lari/esp/test_lari/build/soc/libsoc.a(rtc_wdt.o)
                0x00000000400843d8                rtc_wdt_protect_off
 .text.rtc_wdt_protect_on
                0x00000000400843e8        0xf /home/lari/esp/test_lari/build/soc/libsoc.a(rtc_wdt.o)
                0x00000000400843e8                rtc_wdt_protect_on
 *fill*         0x00000000400843f7        0x1 
 .text.rtc_wdt_enable
                0x00000000400843f8       0x2b /home/lari/esp/test_lari/build/soc/libsoc.a(rtc_wdt.o)
                0x00000000400843f8                rtc_wdt_enable